******************************************************************************
                  MSP430 Linker PC v4.4.3                      
******************************************************************************
>> Linked Mon Dec 14 20:57:33 2015

OUTPUT FILE NAME:   <Meter_Reporter.out>
ENTRY POINT SYMBOL: "_c_int00_noargs_noexit"  address: 0000d7ee


MEMORY CONFIGURATION

         name            origin    length      used     unused   attr    fill
----------------------  --------  ---------  --------  --------  ----  --------
  SFR                   00000000   00000010  00000000  00000010  RWIX
  PERIPHERALS_8BIT      00000010   000000f0  00000000  000000f0  RWIX
  PERIPHERALS_16BIT     00000100   00000100  00000000  00000100  RWIX
  RAM                   00000200   00000200  0000011f  000000e1  RWIX
  INFOD                 00001000   00000040  00000000  00000040  RWIX
  INFOC                 00001040   00000040  00000000  00000040  RWIX
  INFOB                 00001080   00000040  00000000  00000040  RWIX
  INFOA                 000010c0   00000040  00000000  00000040  RWIX
  FLASH                 0000c000   00003fe0  00001b8f  00002451  RWIX
  INT00                 0000ffe0   00000002  00000000  00000002  RWIX
  INT01                 0000ffe2   00000002  00000000  00000002  RWIX
  INT02                 0000ffe4   00000002  00000002  00000000  RWIX
  INT03                 0000ffe6   00000002  00000002  00000000  RWIX
  INT04                 0000ffe8   00000002  00000000  00000002  RWIX
  INT05                 0000ffea   00000002  00000002  00000000  RWIX
  INT06                 0000ffec   00000002  00000002  00000000  RWIX
  INT07                 0000ffee   00000002  00000002  00000000  RWIX
  INT08                 0000fff0   00000002  00000002  00000000  RWIX
  INT09                 0000fff2   00000002  00000002  00000000  RWIX
  INT10                 0000fff4   00000002  00000002  00000000  RWIX
  INT11                 0000fff6   00000002  00000002  00000000  RWIX
  INT12                 0000fff8   00000002  00000002  00000000  RWIX
  INT13                 0000fffa   00000002  00000002  00000000  RWIX
  INT14                 0000fffc   00000002  00000002  00000000  RWIX
  RESET                 0000fffe   00000002  00000002  00000000  RWIX


SECTION ALLOCATION MAP

 output                                  attributes/
section   page    origin      length       input sections
--------  ----  ----------  ----------   ----------------
.bss       0    00000200    000000a9     UNINITIALIZED
                  00000200    00000040     (.common:RxPacket)
                  00000240    00000040     (.common:TxPacket)
                  00000280    00000020     (.common:uart_rcv_buf)
                  000002a0    00000002     (.common:nwk_header)
                  000002a2    00000001     (.common:cntr)
                  000002a3    00000001     (.common:dummy)
                  000002a4    00000001     (.common:payload_length)
                  000002a5    00000001     (.common:rssi_rx)
                  000002a6    00000001     (.common:uart_buf_size)
                  000002a7    00000001     (.common:water_high_byte)
                  000002a8    00000001     (.common:water_low_byte)

.data      0    000002aa    00000026     UNINITIALIZED
                  000002aa    00000016     main_nwk.obj (.data)
                  000002c0    00000010     nwk_security.obj (.data:encryption_key)

.stack     0    000003b0    00000050     UNINITIALIZED
                  000003b0    00000002     rts430_eabi.lib : boot.obj (.stack)
                  000003b2    0000004e     --HOLE--

.text      0    0000c000    000018fc     
                  0000c000    00000624     aes.obj (.text:aes_decr)
                  0000c624    0000042e     aes.obj (.text:aes_encr)
                  0000ca52    00000226     radio.obj (.text:Radio_Init)
                  0000cc78    0000014a     main_nwk.obj (.text:Timer_A)
                  0000cdc2    00000136     aes.obj (.text:expandKey)
                  0000cef8    000000ca     nwk_radio.obj (.text:Radio_Send_Data)
                  0000cfc2    000000c2     rts430_eabi.lib : fs_mpy.obj (.text)
                  0000d084    0000009a                     : fs_div.obj (.text)
                  0000d11e    00000092     system.obj (.text:cByteToHex)
                  0000d1b0    0000008c     radio.obj (.text:Radio_Rx)
                  0000d23c    0000007c     radio.obj (.text:Radio_Tx)
                  0000d2b8    00000076     radio.obj (.text:Radio_Set_Channel)
                  0000d32e    00000064     rts430_eabi.lib : copy_decompress_rle.obj (.text:__TI_decompress_rle_core)
                  0000d392    00000060     system.obj (.text:System_Set_Speed)
                  0000d3f2    00000058     rts430_eabi.lib : autoinit.obj (.text:_auto_init)
                  0000d44a    00000056     spi.obj (.text:SPI_Init)
                  0000d4a0    00000050     main_nwk.obj (.text:main)
                  0000d4f0    00000046     rts430_eabi.lib : fs_tou.obj (.text)
                  0000d536    00000040     system.obj (.text:System_Init)
                  0000d576    0000003e     uart.obj (.text:UART0_Send_ByteToChar)
                  0000d5b4    00000034     radio.obj (.text:Radio_Set_Mode)
                  0000d5e8    00000032     uart.obj (.text:UART_Init)
                  0000d61a    0000002c     rts430_eabi.lib : asr16.obj (.text)
                  0000d646    0000002c                     : lsl16.obj (.text)
                  0000d672    00000026     main_nwk.obj (.text:Print_Error)
                  0000d698    00000024     radio.obj (.text:_Add_Address_To_Packet)
                  0000d6bc    00000024     rts430_eabi.lib : fs_utof.obj (.text)
                  0000d6e0    00000022     spi.obj (.text:SPI_Conf_Read_Register)
                  0000d702    00000020     system.obj (.text:Port_2)
                  0000d722    0000001e     spi.obj (.text:SPI_Conf_Write_Register)
                  0000d740    0000001e     spi.obj (.text:Spi_Send)
                  0000d75e    0000001e     nwk_radio.obj (.text:_Modify_Packet_Header)
                  0000d77c    0000001e     aes.obj (.text:aes_decrypt)
                  0000d79a    0000001e     aes.obj (.text:aes_encrypt)
                  0000d7b8    0000001c     aes.obj (.text:galois_mul2)
                  0000d7d4    0000001a     spi.obj (.text:SPI_Data_Write)
                  0000d7ee    0000001a     rts430_eabi.lib : boot_special.obj (.text:_c_int00_noargs_noexit)
                  0000d808    00000016     uart.obj (.text:USCI0RX_ISR)
                  0000d81e    00000014     uart.obj (.text:UART_Send_Byte)
                  0000d832    00000014     rts430_eabi.lib : copy_zero_init.obj (.text:decompress:ZI:__TI_zero_init)
                  0000d846    00000014                     : mult16.obj (.text)
                  0000d85a    00000012     radio.obj (.text:Radio_Set_TxPower)
                  0000d86c    00000012     uart.obj (.text:UART_Send_Data)
                  0000d87e    00000012     rts430_eabi.lib : copy_decompress_none.obj (.text:decompress:none:__TI_decompress_none)
                  0000d890    00000012                     : memcpy.obj (.text:memcpy)
                  0000d8a2    00000010     spi.obj (.text:SPI_Data_Read)
                  0000d8b2    00000010     rts430_eabi.lib : epilog.obj (.text)
                  0000d8c2    0000000e     main_nwk.obj (.text:Port_1)
                  0000d8d0    0000000c     nwk_security.obj (.text:Payload_Decrypt)
                  0000d8dc    0000000c     nwk_security.obj (.text:Payload_Encrypt)
                  0000d8e8    00000006     rts430_eabi.lib : isr_trap.obj (.text:_isr:__TI_ISR_TRAP)
                  0000d8ee    00000006                     : copy_decompress_rle.obj (.text:decompress:rle24:__TI_decompress_rle24)
                  0000d8f4    00000004                     : pre_init.obj (.text:_system_pre_init)
                  0000d8f8    00000004                     : exit.obj (.text:abort)

.const     0    0000d8fc    0000025d     
                  0000d8fc    00000100     aes.obj (.const:.string:rsbox)
                  0000d9fc    00000100     aes.obj (.const:.string:sbox)
                  0000dafc    00000015     radio.obj (.const:.string:P_VALUE_CH_)
                  0000db11    00000001     --HOLE-- [fill = 0]
                  0000db12    00000015     radio.obj (.const:.string:R_VALUE_CH_)
                  0000db27    00000001     --HOLE-- [fill = 0]
                  0000db28    00000015     radio.obj (.const:.string:S_VALUE_CH_)
                  0000db3d    00000001     --HOLE-- [fill = 0]
                  0000db3e    00000010     main_nwk.obj (.const:.string)
                  0000db4e    0000000b     aes.obj (.const:.string:Rcon)

.cinit     0    0000db5a    00000036     
                  0000db5a    00000023     (.cinit..data.load) [load image, compression = rle]
                  0000db7d    00000001     --HOLE-- [fill = 0]
                  0000db7e    00000006     (__TI_handler_table)
                  0000db84    00000004     (.cinit..bss.load) [load image, compression = zero_init]
                  0000db88    00000008     (__TI_cinit_table)

.init_array 
*          0    0000c000    00000000     UNINITIALIZED

.TI.noinit 
*          0    00000200    00000000     UNINITIALIZED

.TI.persistent 
*          0    000002aa    00000000     UNINITIALIZED

PORT1      0    0000ffe4    00000002     
                  0000ffe4    00000002     main_nwk.obj (.int02)

PORT2      0    0000ffe6    00000002     
                  0000ffe6    00000002     system.obj (.int03)

ADC10      0    0000ffea    00000002     
                  0000ffea    00000002     rts430_eabi.lib : int05.obj (.int05)

USCIAB0TX 
*          0    0000ffec    00000002     
                  0000ffec    00000002     rts430_eabi.lib : int06.obj (.int06)

USCIAB0RX 
*          0    0000ffee    00000002     
                  0000ffee    00000002     uart.obj (.int07)

TIMER0_A1 
*          0    0000fff0    00000002     
                  0000fff0    00000002     rts430_eabi.lib : int08.obj (.int08)

TIMER0_A0 
*          0    0000fff2    00000002     
                  0000fff2    00000002     main_nwk.obj (.int09)

WDT        0    0000fff4    00000002     
                  0000fff4    00000002     rts430_eabi.lib : int10.obj (.int10)

COMPARATORA 
*          0    0000fff6    00000002     
                  0000fff6    00000002     rts430_eabi.lib : int11.obj (.int11)

TIMER1_A1 
*          0    0000fff8    00000002     
                  0000fff8    00000002     rts430_eabi.lib : int12.obj (.int12)

TIMER1_A0 
*          0    0000fffa    00000002     
                  0000fffa    00000002     rts430_eabi.lib : int13.obj (.int13)

NMI        0    0000fffc    00000002     
                  0000fffc    00000002     rts430_eabi.lib : int14.obj (.int14)

.reset     0    0000fffe    00000002     
                  0000fffe    00000002     rts430_eabi.lib : boot.obj (.reset)


LINKER GENERATED COPY TABLES

__TI_cinit_table @ 0000db88 records: 2, size/record: 4, table size: 8
	.data: load addr=0000db5a, load size=00000023 bytes, run addr=000002aa, run size=00000026 bytes, compression=rle
	.bss: load addr=0000db84, load size=00000004 bytes, run addr=00000200, run size=000000a9 bytes, compression=zero_init


LINKER GENERATED HANDLER TABLE

__TI_handler_table @ 0000db7e records: 3, size/record: 2, table size: 6
	index: 0, handler: __TI_zero_init
	index: 1, handler: __TI_decompress_rle24
	index: 2, handler: __TI_decompress_none


GLOBAL SYMBOLS: SORTED ALPHABETICALLY BY Name 

address   name                    
-------   ----                    
0000004a  ADC10AE0                
000001b0  ADC10CTL0               
000001b2  ADC10CTL1               
00000048  ADC10DTC0               
00000049  ADC10DTC1               
000001b4  ADC10MEM                
000001bc  ADC10SA                 
00000057  BCSCTL1                 
00000058  BCSCTL2                 
00000053  BCSCTL3                 
0000d8f8  C$$EXIT                 
00000059  CACTL1                  
0000005a  CACTL2                  
000010fb  CALBC1_12MHZ            
000010f9  CALBC1_16MHZ            
000010ff  CALBC1_1MHZ             
000010fd  CALBC1_8MHZ             
000010fa  CALDCO_12MHZ            
000010f8  CALDCO_16MHZ            
000010fe  CALDCO_1MHZ             
000010fc  CALDCO_8MHZ             
0000005b  CAPD                    
00000056  DCOCTL                  
00000128  FCTL1                   
0000012a  FCTL2                   
0000012c  FCTL3                   
00000000  IE1                     
00000001  IE2                     
00000002  IFG1                    
00000003  IFG2                    
00000022  P1DIR                   
00000025  P1IE                    
00000024  P1IES                   
00000023  P1IFG                   
00000020  P1IN                    
00000021  P1OUT                   
00000027  P1REN                   
00000026  P1SEL                   
00000041  P1SEL2                  
0000002a  P2DIR                   
0000002d  P2IE                    
0000002c  P2IES                   
0000002b  P2IFG                   
00000028  P2IN                    
00000029  P2OUT                   
0000002f  P2REN                   
0000002e  P2SEL                   
00000042  P2SEL2                  
0000001a  P3DIR                   
00000018  P3IN                    
00000019  P3OUT                   
00000010  P3REN                   
0000001b  P3SEL                   
00000043  P3SEL2                  
0000dafc  P_VALUE_CH_             
0000d8d0  Payload_Decrypt         
0000d8dc  Payload_Encrypt         
0000d8c2  Port_1                  
0000d702  Port_2                  
0000d672  Print_Error             
0000db12  R_VALUE_CH_             
0000ca52  Radio_Init              
0000d1b0  Radio_Rx                
0000cef8  Radio_Send_Data         
0000d2b8  Radio_Set_Channel       
0000d5b4  Radio_Set_Mode          
0000d85a  Radio_Set_TxPower       
0000d23c  Radio_Tx                
0000db4e  Rcon                    
00000200  RxPacket                
0000d6e0  SPI_Conf_Read_Register  
0000d722  SPI_Conf_Write_Register 
0000d8a2  SPI_Data_Read           
0000d7d4  SPI_Data_Write          
0000d44a  SPI_Init                
0000db28  S_VALUE_CH_             
0000d740  Spi_Send                
0000d536  System_Init             
0000d392  System_Set_Speed        
00000172  TA0CCR0                 
00000174  TA0CCR1                 
00000176  TA0CCR2                 
00000162  TA0CCTL0                
00000164  TA0CCTL1                
00000166  TA0CCTL2                
00000160  TA0CTL                  
0000012e  TA0IV                   
00000170  TA0R                    
00000192  TA1CCR0                 
00000194  TA1CCR1                 
00000196  TA1CCR2                 
00000182  TA1CCTL0                
00000184  TA1CCTL1                
00000186  TA1CCTL2                
00000180  TA1CTL                  
0000011e  TA1IV                   
00000190  TA1R                    
000010db  TLV_ADC10_1_LEN         
000010da  TLV_ADC10_1_TAG         
000010c0  TLV_CHECKSUM            
000010f7  TLV_DCO_30_LEN          
000010f6  TLV_DCO_30_TAG          
0000cc78  Timer_A                 
00000240  TxPacket                
0000d576  UART0_Send_ByteToChar   
0000d5e8  UART_Init               
0000d81e  UART_Send_Byte          
0000d86c  UART_Send_Data          
0000005d  UCA0ABCTL               
00000062  UCA0BR0                 
00000063  UCA0BR1                 
00000060  UCA0CTL0                
00000061  UCA0CTL1                
0000005f  UCA0IRRCTL              
0000005e  UCA0IRTCTL              
00000064  UCA0MCTL                
00000066  UCA0RXBUF               
00000065  UCA0STAT                
00000067  UCA0TXBUF               
0000006a  UCB0BR0                 
0000006b  UCB0BR1                 
00000068  UCB0CTL0                
00000069  UCB0CTL1                
0000006c  UCB0I2CIE               
00000118  UCB0I2COA               
0000011a  UCB0I2CSA               
0000006e  UCB0RXBUF               
0000006d  UCB0STAT                
0000006f  UCB0TXBUF               
0000d808  USCI0RX_ISR             
00000120  WDTCTL                  
0000d698  _Add_Address_To_Packet  
0000d75e  _Modify_Packet_Header   
00000400  __STACK_END             
00000050  __STACK_SIZE            
0000db88  __TI_CINIT_Base         
0000db90  __TI_CINIT_Limit        
0000db7e  __TI_Handler_Table_Base 
0000db84  __TI_Handler_Table_Limit
UNDEFED   __TI_INITARRAY_Base     
UNDEFED   __TI_INITARRAY_Limit    
0000d8e8  __TI_ISR_TRAP           
0000d87e  __TI_decompress_none    
0000d8ee  __TI_decompress_rle24   
0000ffe4  __TI_int02              
0000ffe6  __TI_int03              
0000ffea  __TI_int05              
0000ffec  __TI_int06              
0000ffee  __TI_int07              
0000fff0  __TI_int08              
0000fff2  __TI_int09              
0000fff4  __TI_int10              
0000fff6  __TI_int11              
0000fff8  __TI_int12              
0000fffa  __TI_int13              
0000fffc  __TI_int14              
0000d832  __TI_zero_init          
ffffffff  __binit__               
ffffffff  __c_args__              
0000d084  __mspabi_divf           
0000d4f0  __mspabi_fixfu          
0000d6bc  __mspabi_fltuf          
0000d8be  __mspabi_func_epilog_1  
0000d8bc  __mspabi_func_epilog_2  
0000d8ba  __mspabi_func_epilog_3  
0000d8b8  __mspabi_func_epilog_4  
0000d8b6  __mspabi_func_epilog_5  
0000d8b4  __mspabi_func_epilog_6  
0000d8b2  __mspabi_func_epilog_7  
0000cfc2  __mspabi_mpyf           
0000d846  __mspabi_mpyi           
0000d846  __mspabi_mpyi_sw        
0000d646  __mspabi_slli           
0000d66e  __mspabi_slli_1         
0000d65c  __mspabi_slli_10        
0000d65a  __mspabi_slli_11        
0000d658  __mspabi_slli_12        
0000d656  __mspabi_slli_13        
0000d654  __mspabi_slli_14        
0000d652  __mspabi_slli_15        
0000d66c  __mspabi_slli_2         
0000d66a  __mspabi_slli_3         
0000d668  __mspabi_slli_4         
0000d666  __mspabi_slli_5         
0000d664  __mspabi_slli_6         
0000d662  __mspabi_slli_7         
0000d660  __mspabi_slli_8         
0000d65e  __mspabi_slli_9         
0000d61a  __mspabi_srai           
0000d642  __mspabi_srai_1         
0000d630  __mspabi_srai_10        
0000d62e  __mspabi_srai_11        
0000d62c  __mspabi_srai_12        
0000d62a  __mspabi_srai_13        
0000d628  __mspabi_srai_14        
0000d626  __mspabi_srai_15        
0000d640  __mspabi_srai_2         
0000d63e  __mspabi_srai_3         
0000d63c  __mspabi_srai_4         
0000d63a  __mspabi_srai_5         
0000d638  __mspabi_srai_6         
0000d636  __mspabi_srai_7         
0000d634  __mspabi_srai_8         
0000d632  __mspabi_srai_9         
0000d3f2  _auto_init              
0000d7ee  _c_int00_noargs_noexit  
0000fffe  _reset_vector           
000003b0  _stack                  
0000d8f4  _system_pre_init        
0000d8f8  abort                   
000002ab  addr_remote             
0000c000  aes_decr                
0000d77c  aes_decrypt             
0000c624  aes_encr                
0000d79a  aes_encrypt             
ffffffff  binit                   
0000d11e  cByteToHex              
000002b0  calibration_factor      
000002a2  cntr                    
000002a3  dummy                   
000002c0  encryption_key          
000002aa  exit_code               
0000cdc2  expandKey               
000002b4  flow_milli_litres       
000002ac  flow_rate               
000002be  flowing_time            
0000d7b8  galois_mul2             
000002b8  is_flowing              
0000d4a0  main                    
0000d890  memcpy                  
000002a0  nwk_header              
000002a4  payload_length          
000002ba  pulse_counter           
0000d8fc  rsbox                   
000002a5  rssi_rx                 
0000d9fc  sbox                    
000002bc  timer_counter           
000002b6  total_flow_milli_litres 
000002a6  uart_buf_size           
00000280  uart_rcv_buf            
000002a7  water_high_byte         
000002a8  water_low_byte          
000002b9  water_temperature       


GLOBAL SYMBOLS: SORTED BY Symbol Address 

address   name                    
-------   ----                    
00000000  IE1                     
00000001  IE2                     
00000002  IFG1                    
00000003  IFG2                    
00000010  P3REN                   
00000018  P3IN                    
00000019  P3OUT                   
0000001a  P3DIR                   
0000001b  P3SEL                   
00000020  P1IN                    
00000021  P1OUT                   
00000022  P1DIR                   
00000023  P1IFG                   
00000024  P1IES                   
00000025  P1IE                    
00000026  P1SEL                   
00000027  P1REN                   
00000028  P2IN                    
00000029  P2OUT                   
0000002a  P2DIR                   
0000002b  P2IFG                   
0000002c  P2IES                   
0000002d  P2IE                    
0000002e  P2SEL                   
0000002f  P2REN                   
00000041  P1SEL2                  
00000042  P2SEL2                  
00000043  P3SEL2                  
00000048  ADC10DTC0               
00000049  ADC10DTC1               
0000004a  ADC10AE0                
00000050  __STACK_SIZE            
00000053  BCSCTL3                 
00000056  DCOCTL                  
00000057  BCSCTL1                 
00000058  BCSCTL2                 
00000059  CACTL1                  
0000005a  CACTL2                  
0000005b  CAPD                    
0000005d  UCA0ABCTL               
0000005e  UCA0IRTCTL              
0000005f  UCA0IRRCTL              
00000060  UCA0CTL0                
00000061  UCA0CTL1                
00000062  UCA0BR0                 
00000063  UCA0BR1                 
00000064  UCA0MCTL                
00000065  UCA0STAT                
00000066  UCA0RXBUF               
00000067  UCA0TXBUF               
00000068  UCB0CTL0                
00000069  UCB0CTL1                
0000006a  UCB0BR0                 
0000006b  UCB0BR1                 
0000006c  UCB0I2CIE               
0000006d  UCB0STAT                
0000006e  UCB0RXBUF               
0000006f  UCB0TXBUF               
00000118  UCB0I2COA               
0000011a  UCB0I2CSA               
0000011e  TA1IV                   
00000120  WDTCTL                  
00000128  FCTL1                   
0000012a  FCTL2                   
0000012c  FCTL3                   
0000012e  TA0IV                   
00000160  TA0CTL                  
00000162  TA0CCTL0                
00000164  TA0CCTL1                
00000166  TA0CCTL2                
00000170  TA0R                    
00000172  TA0CCR0                 
00000174  TA0CCR1                 
00000176  TA0CCR2                 
00000180  TA1CTL                  
00000182  TA1CCTL0                
00000184  TA1CCTL1                
00000186  TA1CCTL2                
00000190  TA1R                    
00000192  TA1CCR0                 
00000194  TA1CCR1                 
00000196  TA1CCR2                 
000001b0  ADC10CTL0               
000001b2  ADC10CTL1               
000001b4  ADC10MEM                
000001bc  ADC10SA                 
00000200  RxPacket                
00000240  TxPacket                
00000280  uart_rcv_buf            
000002a0  nwk_header              
000002a2  cntr                    
000002a3  dummy                   
000002a4  payload_length          
000002a5  rssi_rx                 
000002a6  uart_buf_size           
000002a7  water_high_byte         
000002a8  water_low_byte          
000002aa  exit_code               
000002ab  addr_remote             
000002ac  flow_rate               
000002b0  calibration_factor      
000002b4  flow_milli_litres       
000002b6  total_flow_milli_litres 
000002b8  is_flowing              
000002b9  water_temperature       
000002ba  pulse_counter           
000002bc  timer_counter           
000002be  flowing_time            
000002c0  encryption_key          
000003b0  _stack                  
00000400  __STACK_END             
000010c0  TLV_CHECKSUM            
000010da  TLV_ADC10_1_TAG         
000010db  TLV_ADC10_1_LEN         
000010f6  TLV_DCO_30_TAG          
000010f7  TLV_DCO_30_LEN          
000010f8  CALDCO_16MHZ            
000010f9  CALBC1_16MHZ            
000010fa  CALDCO_12MHZ            
000010fb  CALBC1_12MHZ            
000010fc  CALDCO_8MHZ             
000010fd  CALBC1_8MHZ             
000010fe  CALDCO_1MHZ             
000010ff  CALBC1_1MHZ             
0000c000  aes_decr                
0000c624  aes_encr                
0000ca52  Radio_Init              
0000cc78  Timer_A                 
0000cdc2  expandKey               
0000cef8  Radio_Send_Data         
0000cfc2  __mspabi_mpyf           
0000d084  __mspabi_divf           
0000d11e  cByteToHex              
0000d1b0  Radio_Rx                
0000d23c  Radio_Tx                
0000d2b8  Radio_Set_Channel       
0000d392  System_Set_Speed        
0000d3f2  _auto_init              
0000d44a  SPI_Init                
0000d4a0  main                    
0000d4f0  __mspabi_fixfu          
0000d536  System_Init             
0000d576  UART0_Send_ByteToChar   
0000d5b4  Radio_Set_Mode          
0000d5e8  UART_Init               
0000d61a  __mspabi_srai           
0000d626  __mspabi_srai_15        
0000d628  __mspabi_srai_14        
0000d62a  __mspabi_srai_13        
0000d62c  __mspabi_srai_12        
0000d62e  __mspabi_srai_11        
0000d630  __mspabi_srai_10        
0000d632  __mspabi_srai_9         
0000d634  __mspabi_srai_8         
0000d636  __mspabi_srai_7         
0000d638  __mspabi_srai_6         
0000d63a  __mspabi_srai_5         
0000d63c  __mspabi_srai_4         
0000d63e  __mspabi_srai_3         
0000d640  __mspabi_srai_2         
0000d642  __mspabi_srai_1         
0000d646  __mspabi_slli           
0000d652  __mspabi_slli_15        
0000d654  __mspabi_slli_14        
0000d656  __mspabi_slli_13        
0000d658  __mspabi_slli_12        
0000d65a  __mspabi_slli_11        
0000d65c  __mspabi_slli_10        
0000d65e  __mspabi_slli_9         
0000d660  __mspabi_slli_8         
0000d662  __mspabi_slli_7         
0000d664  __mspabi_slli_6         
0000d666  __mspabi_slli_5         
0000d668  __mspabi_slli_4         
0000d66a  __mspabi_slli_3         
0000d66c  __mspabi_slli_2         
0000d66e  __mspabi_slli_1         
0000d672  Print_Error             
0000d698  _Add_Address_To_Packet  
0000d6bc  __mspabi_fltuf          
0000d6e0  SPI_Conf_Read_Register  
0000d702  Port_2                  
0000d722  SPI_Conf_Write_Register 
0000d740  Spi_Send                
0000d75e  _Modify_Packet_Header   
0000d77c  aes_decrypt             
0000d79a  aes_encrypt             
0000d7b8  galois_mul2             
0000d7d4  SPI_Data_Write          
0000d7ee  _c_int00_noargs_noexit  
0000d808  USCI0RX_ISR             
0000d81e  UART_Send_Byte          
0000d832  __TI_zero_init          
0000d846  __mspabi_mpyi           
0000d846  __mspabi_mpyi_sw        
0000d85a  Radio_Set_TxPower       
0000d86c  UART_Send_Data          
0000d87e  __TI_decompress_none    
0000d890  memcpy                  
0000d8a2  SPI_Data_Read           
0000d8b2  __mspabi_func_epilog_7  
0000d8b4  __mspabi_func_epilog_6  
0000d8b6  __mspabi_func_epilog_5  
0000d8b8  __mspabi_func_epilog_4  
0000d8ba  __mspabi_func_epilog_3  
0000d8bc  __mspabi_func_epilog_2  
0000d8be  __mspabi_func_epilog_1  
0000d8c2  Port_1                  
0000d8d0  Payload_Decrypt         
0000d8dc  Payload_Encrypt         
0000d8e8  __TI_ISR_TRAP           
0000d8ee  __TI_decompress_rle24   
0000d8f4  _system_pre_init        
0000d8f8  C$$EXIT                 
0000d8f8  abort                   
0000d8fc  rsbox                   
0000d9fc  sbox                    
0000dafc  P_VALUE_CH_             
0000db12  R_VALUE_CH_             
0000db28  S_VALUE_CH_             
0000db4e  Rcon                    
0000db7e  __TI_Handler_Table_Base 
0000db84  __TI_Handler_Table_Limit
0000db88  __TI_CINIT_Base         
0000db90  __TI_CINIT_Limit        
0000ffe4  __TI_int02              
0000ffe6  __TI_int03              
0000ffea  __TI_int05              
0000ffec  __TI_int06              
0000ffee  __TI_int07              
0000fff0  __TI_int08              
0000fff2  __TI_int09              
0000fff4  __TI_int10              
0000fff6  __TI_int11              
0000fff8  __TI_int12              
0000fffa  __TI_int13              
0000fffc  __TI_int14              
0000fffe  _reset_vector           
ffffffff  __binit__               
ffffffff  __c_args__              
ffffffff  binit                   
UNDEFED   __TI_INITARRAY_Base     
UNDEFED   __TI_INITARRAY_Limit    

[243 symbols]
