<?xml version="1.0"?>
<link_info>
   <banner>MSP430 Linker PC v4.4.3</banner>
   <copyright>Copyright (c) 2003-2015 Texas Instruments Incorporated</copyright>
   <link_time>0x566eb3d5</link_time>
   <link_errors>0x0</link_errors>
   <output_file>MSP1v2.out</output_file>
   <entry_point>
      <name>_c_int00_noargs_noexit</name>
      <address>0xd836</address>
   </entry_point>
   <input_file_list>
      <input_file id="fl-2">
         <path>.\</path>
         <kind>object</kind>
         <file>main.obj</file>
         <name>main.obj</name>
      </input_file>
      <input_file id="fl-31">
         <path>C:\ti\ccsv6\tools\compiler\ti-cgt-msp430_4.4.3\lib\</path>
         <kind>archive</kind>
         <file>rts430_eabi.lib</file>
         <name>boot.obj</name>
      </input_file>
      <input_file id="fl-32">
         <path>C:\ti\ccsv6\tools\compiler\ti-cgt-msp430_4.4.3\lib\</path>
         <kind>archive</kind>
         <file>rts430_eabi.lib</file>
         <name>boot_special.obj</name>
      </input_file>
      <input_file id="fl-33">
         <path>C:\ti\ccsv6\tools\compiler\ti-cgt-msp430_4.4.3\lib\</path>
         <kind>archive</kind>
         <file>rts430_eabi.lib</file>
         <name>copy_decompress_none.obj</name>
      </input_file>
      <input_file id="fl-34">
         <path>C:\ti\ccsv6\tools\compiler\ti-cgt-msp430_4.4.3\lib\</path>
         <kind>archive</kind>
         <file>rts430_eabi.lib</file>
         <name>copy_decompress_rle.obj</name>
      </input_file>
      <input_file id="fl-35">
         <path>C:\ti\ccsv6\tools\compiler\ti-cgt-msp430_4.4.3\lib\</path>
         <kind>archive</kind>
         <file>rts430_eabi.lib</file>
         <name>copy_zero_init.obj</name>
      </input_file>
      <input_file id="fl-36">
         <path>C:\ti\ccsv6\tools\compiler\ti-cgt-msp430_4.4.3\lib\</path>
         <kind>archive</kind>
         <file>rts430_eabi.lib</file>
         <name>cvtdf.obj</name>
      </input_file>
      <input_file id="fl-37">
         <path>C:\ti\ccsv6\tools\compiler\ti-cgt-msp430_4.4.3\lib\</path>
         <kind>archive</kind>
         <file>rts430_eabi.lib</file>
         <name>div16s.obj</name>
      </input_file>
      <input_file id="fl-38">
         <path>C:\ti\ccsv6\tools\compiler\ti-cgt-msp430_4.4.3\lib\</path>
         <kind>archive</kind>
         <file>rts430_eabi.lib</file>
         <name>div16u.obj</name>
      </input_file>
      <input_file id="fl-39">
         <path>C:\ti\ccsv6\tools\compiler\ti-cgt-msp430_4.4.3\lib\</path>
         <kind>archive</kind>
         <file>rts430_eabi.lib</file>
         <name>divd.obj</name>
      </input_file>
      <input_file id="fl-3a">
         <path>C:\ti\ccsv6\tools\compiler\ti-cgt-msp430_4.4.3\lib\</path>
         <kind>archive</kind>
         <file>rts430_eabi.lib</file>
         <name>epilog.obj</name>
      </input_file>
      <input_file id="fl-3b">
         <path>C:\ti\ccsv6\tools\compiler\ti-cgt-msp430_4.4.3\lib\</path>
         <kind>archive</kind>
         <file>rts430_eabi.lib</file>
         <name>exit.obj</name>
      </input_file>
      <input_file id="fl-3c">
         <path>C:\ti\ccsv6\tools\compiler\ti-cgt-msp430_4.4.3\lib\</path>
         <kind>archive</kind>
         <file>rts430_eabi.lib</file>
         <name>fltud.obj</name>
      </input_file>
      <input_file id="fl-3d">
         <path>C:\ti\ccsv6\tools\compiler\ti-cgt-msp430_4.4.3\lib\</path>
         <kind>archive</kind>
         <file>rts430_eabi.lib</file>
         <name>fltuld.obj</name>
      </input_file>
      <input_file id="fl-3e">
         <path>C:\ti\ccsv6\tools\compiler\ti-cgt-msp430_4.4.3\lib\</path>
         <kind>archive</kind>
         <file>rts430_eabi.lib</file>
         <name>frcdivd.obj</name>
      </input_file>
      <input_file id="fl-3f">
         <path>C:\ti\ccsv6\tools\compiler\ti-cgt-msp430_4.4.3\lib\</path>
         <kind>archive</kind>
         <file>rts430_eabi.lib</file>
         <name>fs_add.obj</name>
      </input_file>
      <input_file id="fl-40">
         <path>C:\ti\ccsv6\tools\compiler\ti-cgt-msp430_4.4.3\lib\</path>
         <kind>archive</kind>
         <file>rts430_eabi.lib</file>
         <name>fs_cmp.obj</name>
      </input_file>
      <input_file id="fl-41">
         <path>C:\ti\ccsv6\tools\compiler\ti-cgt-msp430_4.4.3\lib\</path>
         <kind>archive</kind>
         <file>rts430_eabi.lib</file>
         <name>fs_div.obj</name>
      </input_file>
      <input_file id="fl-42">
         <path>C:\ti\ccsv6\tools\compiler\ti-cgt-msp430_4.4.3\lib\</path>
         <kind>archive</kind>
         <file>rts430_eabi.lib</file>
         <name>fs_itof.obj</name>
      </input_file>
      <input_file id="fl-43">
         <path>C:\ti\ccsv6\tools\compiler\ti-cgt-msp430_4.4.3\lib\</path>
         <kind>archive</kind>
         <file>rts430_eabi.lib</file>
         <name>fs_toi.obj</name>
      </input_file>
      <input_file id="fl-44">
         <path>C:\ti\ccsv6\tools\compiler\ti-cgt-msp430_4.4.3\lib\</path>
         <kind>archive</kind>
         <file>rts430_eabi.lib</file>
         <name>int00.obj</name>
      </input_file>
      <input_file id="fl-45">
         <path>C:\ti\ccsv6\tools\compiler\ti-cgt-msp430_4.4.3\lib\</path>
         <kind>archive</kind>
         <file>rts430_eabi.lib</file>
         <name>int03.obj</name>
      </input_file>
      <input_file id="fl-46">
         <path>C:\ti\ccsv6\tools\compiler\ti-cgt-msp430_4.4.3\lib\</path>
         <kind>archive</kind>
         <file>rts430_eabi.lib</file>
         <name>int05.obj</name>
      </input_file>
      <input_file id="fl-47">
         <path>C:\ti\ccsv6\tools\compiler\ti-cgt-msp430_4.4.3\lib\</path>
         <kind>archive</kind>
         <file>rts430_eabi.lib</file>
         <name>int06.obj</name>
      </input_file>
      <input_file id="fl-48">
         <path>C:\ti\ccsv6\tools\compiler\ti-cgt-msp430_4.4.3\lib\</path>
         <kind>archive</kind>
         <file>rts430_eabi.lib</file>
         <name>int07.obj</name>
      </input_file>
      <input_file id="fl-49">
         <path>C:\ti\ccsv6\tools\compiler\ti-cgt-msp430_4.4.3\lib\</path>
         <kind>archive</kind>
         <file>rts430_eabi.lib</file>
         <name>int08.obj</name>
      </input_file>
      <input_file id="fl-4a">
         <path>C:\ti\ccsv6\tools\compiler\ti-cgt-msp430_4.4.3\lib\</path>
         <kind>archive</kind>
         <file>rts430_eabi.lib</file>
         <name>int10.obj</name>
      </input_file>
      <input_file id="fl-4b">
         <path>C:\ti\ccsv6\tools\compiler\ti-cgt-msp430_4.4.3\lib\</path>
         <kind>archive</kind>
         <file>rts430_eabi.lib</file>
         <name>int11.obj</name>
      </input_file>
      <input_file id="fl-4c">
         <path>C:\ti\ccsv6\tools\compiler\ti-cgt-msp430_4.4.3\lib\</path>
         <kind>archive</kind>
         <file>rts430_eabi.lib</file>
         <name>int12.obj</name>
      </input_file>
      <input_file id="fl-4d">
         <path>C:\ti\ccsv6\tools\compiler\ti-cgt-msp430_4.4.3\lib\</path>
         <kind>archive</kind>
         <file>rts430_eabi.lib</file>
         <name>int13.obj</name>
      </input_file>
      <input_file id="fl-4e">
         <path>C:\ti\ccsv6\tools\compiler\ti-cgt-msp430_4.4.3\lib\</path>
         <kind>archive</kind>
         <file>rts430_eabi.lib</file>
         <name>int14.obj</name>
      </input_file>
      <input_file id="fl-4f">
         <path>C:\ti\ccsv6\tools\compiler\ti-cgt-msp430_4.4.3\lib\</path>
         <kind>archive</kind>
         <file>rts430_eabi.lib</file>
         <name>isr_trap.obj</name>
      </input_file>
      <input_file id="fl-50">
         <path>C:\ti\ccsv6\tools\compiler\ti-cgt-msp430_4.4.3\lib\</path>
         <kind>archive</kind>
         <file>rts430_eabi.lib</file>
         <name>lsl16.obj</name>
      </input_file>
      <input_file id="fl-51">
         <path>C:\ti\ccsv6\tools\compiler\ti-cgt-msp430_4.4.3\lib\</path>
         <kind>archive</kind>
         <file>rts430_eabi.lib</file>
         <name>lsl32.obj</name>
      </input_file>
      <input_file id="fl-52">
         <path>C:\ti\ccsv6\tools\compiler\ti-cgt-msp430_4.4.3\lib\</path>
         <kind>archive</kind>
         <file>rts430_eabi.lib</file>
         <name>lsr16.obj</name>
      </input_file>
      <input_file id="fl-53">
         <path>C:\ti\ccsv6\tools\compiler\ti-cgt-msp430_4.4.3\lib\</path>
         <kind>archive</kind>
         <file>rts430_eabi.lib</file>
         <name>lsr32.obj</name>
      </input_file>
      <input_file id="fl-54">
         <path>C:\ti\ccsv6\tools\compiler\ti-cgt-msp430_4.4.3\lib\</path>
         <kind>archive</kind>
         <file>rts430_eabi.lib</file>
         <name>memcpy.obj</name>
      </input_file>
      <input_file id="fl-55">
         <path>C:\ti\ccsv6\tools\compiler\ti-cgt-msp430_4.4.3\lib\</path>
         <kind>archive</kind>
         <file>rts430_eabi.lib</file>
         <name>mpu_init.obj</name>
      </input_file>
      <input_file id="fl-56">
         <path>C:\ti\ccsv6\tools\compiler\ti-cgt-msp430_4.4.3\lib\</path>
         <kind>archive</kind>
         <file>rts430_eabi.lib</file>
         <name>mpyd.obj</name>
      </input_file>
      <input_file id="fl-57">
         <path>C:\ti\ccsv6\tools\compiler\ti-cgt-msp430_4.4.3\lib\</path>
         <kind>archive</kind>
         <file>rts430_eabi.lib</file>
         <name>mult16.obj</name>
      </input_file>
      <input_file id="fl-58">
         <path>C:\ti\ccsv6\tools\compiler\ti-cgt-msp430_4.4.3\lib\</path>
         <kind>archive</kind>
         <file>rts430_eabi.lib</file>
         <name>mult32.obj</name>
      </input_file>
      <input_file id="fl-59">
         <path>C:\ti\ccsv6\tools\compiler\ti-cgt-msp430_4.4.3\lib\</path>
         <kind>archive</kind>
         <file>rts430_eabi.lib</file>
         <name>pre_init.obj</name>
      </input_file>
      <input_file id="fl-5a">
         <path>C:\ti\ccsv6\tools\compiler\ti-cgt-msp430_4.4.3\lib\</path>
         <kind>archive</kind>
         <file>rts430_eabi.lib</file>
         <name>_lock.obj</name>
      </input_file>
      <input_file id="fl-5b">
         <path>C:\ti\ccsv6\tools\compiler\ti-cgt-msp430_4.4.3\lib\</path>
         <kind>archive</kind>
         <file>rts430_eabi.lib</file>
         <name>args_main.obj</name>
      </input_file>
      <input_file id="fl-5c">
         <path>C:\ti\ccsv6\tools\compiler\ti-cgt-msp430_4.4.3\lib\</path>
         <kind>archive</kind>
         <file>rts430_eabi.lib</file>
         <name>asr16.obj</name>
      </input_file>
      <input_file id="fl-5d">
         <path>C:\ti\ccsv6\tools\compiler\ti-cgt-msp430_4.4.3\lib\</path>
         <kind>archive</kind>
         <file>rts430_eabi.lib</file>
         <name>asr32.obj</name>
      </input_file>
      <input_file id="fl-5e">
         <path>C:\ti\ccsv6\tools\compiler\ti-cgt-msp430_4.4.3\lib\</path>
         <kind>archive</kind>
         <file>rts430_eabi.lib</file>
         <name>autoinit.obj</name>
      </input_file>
      <input_file id="fl-5f">
         <path>C:\ti\ccsv6\tools\compiler\ti-cgt-msp430_4.4.3\lib\</path>
         <kind>archive</kind>
         <file>rts430_eabi.lib</file>
         <name>frcmpyd.obj</name>
      </input_file>
   </input_file_list>
   <object_component_list>
      <object_component id="oc-8c">
         <name>.stack</name>
         <uninitialized>true</uninitialized>
         <run_address>0x3b0</run_address>
         <size>0x2</size>
         <input_file_ref idref="fl-31"/>
      </object_component>
      <object_component id="oc-27b">
         <name>.stack</name>
         <uninitialized>true</uninitialized>
         <run_address>0x3b0</run_address>
         <size>0x0</size>
      </object_component>
      <object_component id="oc-201">
         <name>.text:__TI_frcdivd</name>
         <load_address>0xc000</load_address>
         <run_address>0xc000</run_address>
         <size>0x462</size>
         <input_file_ref idref="fl-3e"/>
      </object_component>
      <object_component id="oc-1ea">
         <name>.text:__TI_frcmpyd</name>
         <load_address>0xc462</load_address>
         <run_address>0xc462</run_address>
         <size>0x2f4</size>
         <input_file_ref idref="fl-5f"/>
      </object_component>
      <object_component id="oc-1c7">
         <name>.text:ResistToTermo</name>
         <load_address>0xc756</load_address>
         <run_address>0xc756</run_address>
         <size>0x2ce</size>
         <input_file_ref idref="fl-2"/>
      </object_component>
      <object_component id="oc-1ab">
         <name>.text:__mspabi_mpyd</name>
         <load_address>0xca24</load_address>
         <run_address>0xca24</run_address>
         <size>0x26e</size>
         <input_file_ref idref="fl-56"/>
      </object_component>
      <object_component id="oc-1b1">
         <name>.text:__mspabi_divd</name>
         <load_address>0xcc92</load_address>
         <run_address>0xcc92</run_address>
         <size>0x238</size>
         <input_file_ref idref="fl-39"/>
      </object_component>
      <object_component id="oc-e2">
         <name>.text:main</name>
         <load_address>0xceca</load_address>
         <run_address>0xceca</run_address>
         <size>0x1ba</size>
         <input_file_ref idref="fl-2"/>
      </object_component>
      <object_component id="oc-1c2">
         <name>.text</name>
         <load_address>0xd084</load_address>
         <run_address>0xd084</run_address>
         <size>0x130</size>
         <input_file_ref idref="fl-3f"/>
      </object_component>
      <object_component id="oc-1bd">
         <name>.text</name>
         <load_address>0xd1b4</load_address>
         <run_address>0xd1b4</run_address>
         <size>0x9a</size>
         <input_file_ref idref="fl-41"/>
      </object_component>
      <object_component id="oc-1b7">
         <name>.text:__mspabi_cvtdf</name>
         <load_address>0xd24e</load_address>
         <run_address>0xd24e</run_address>
         <size>0x8c</size>
         <input_file_ref idref="fl-36"/>
      </object_component>
      <object_component id="oc-1de">
         <name>.text:__mspabi_fltuld</name>
         <load_address>0xd2da</load_address>
         <run_address>0xd2da</run_address>
         <size>0x80</size>
         <input_file_ref idref="fl-3d"/>
      </object_component>
      <object_component id="oc-15d">
         <name>.text:calculate_temperature</name>
         <load_address>0xd35a</load_address>
         <run_address>0xd35a</run_address>
         <size>0x72</size>
         <input_file_ref idref="fl-2"/>
      </object_component>
      <object_component id="oc-14c">
         <name>.text</name>
         <load_address>0xd3cc</load_address>
         <run_address>0xd3cc</run_address>
         <size>0x68</size>
         <input_file_ref idref="fl-43"/>
      </object_component>
      <object_component id="oc-9d">
         <name>.text:__TI_decompress_rle_core</name>
         <load_address>0xd434</load_address>
         <run_address>0xd434</run_address>
         <size>0x64</size>
         <input_file_ref idref="fl-34"/>
      </object_component>
      <object_component id="oc-216">
         <name>.text:l_lsr_const</name>
         <load_address>0xd498</load_address>
         <run_address>0xd498</run_address>
         <size>0x5c</size>
         <input_file_ref idref="fl-53"/>
      </object_component>
      <object_component id="oc-b5">
         <name>.text:Timer_A</name>
         <load_address>0xd4f4</load_address>
         <run_address>0xd4f4</run_address>
         <size>0x58</size>
         <input_file_ref idref="fl-2"/>
      </object_component>
      <object_component id="oc-c8">
         <name>.text:_auto_init</name>
         <load_address>0xd54c</load_address>
         <run_address>0xd54c</run_address>
         <size>0x58</size>
         <input_file_ref idref="fl-5e"/>
      </object_component>
      <object_component id="oc-1fc">
         <name>.text</name>
         <load_address>0xd5a4</load_address>
         <run_address>0xd5a4</run_address>
         <size>0x4c</size>
         <input_file_ref idref="fl-52"/>
      </object_component>
      <object_component id="oc-1cf">
         <name>.text</name>
         <load_address>0xd5f0</load_address>
         <run_address>0xd5f0</run_address>
         <size>0x4a</size>
         <input_file_ref idref="fl-40"/>
      </object_component>
      <object_component id="oc-134">
         <name>.text:enable_motor</name>
         <load_address>0xd63a</load_address>
         <run_address>0xd63a</run_address>
         <size>0x44</size>
         <input_file_ref idref="fl-2"/>
      </object_component>
      <object_component id="oc-168">
         <name>.text:temperature_state</name>
         <load_address>0xd67e</load_address>
         <run_address>0xd67e</run_address>
         <size>0x40</size>
         <input_file_ref idref="fl-2"/>
      </object_component>
      <object_component id="oc-223">
         <name>.text:l_asr_const</name>
         <load_address>0xd6be</load_address>
         <run_address>0xd6be</run_address>
         <size>0x3e</size>
         <input_file_ref idref="fl-5d"/>
      </object_component>
      <object_component id="oc-209">
         <name>.text:l_lsl_const</name>
         <load_address>0xd6fc</load_address>
         <run_address>0xd6fc</run_address>
         <size>0x3e</size>
         <input_file_ref idref="fl-51"/>
      </object_component>
      <object_component id="oc-163">
         <name>.text</name>
         <load_address>0xd73a</load_address>
         <run_address>0xd73a</run_address>
         <size>0x36</size>
         <input_file_ref idref="fl-42"/>
      </object_component>
      <object_component id="oc-1e5">
         <name>.text</name>
         <load_address>0xd770</load_address>
         <run_address>0xd770</run_address>
         <size>0x2c</size>
         <input_file_ref idref="fl-5c"/>
      </object_component>
      <object_component id="oc-118">
         <name>.text</name>
         <load_address>0xd79c</load_address>
         <run_address>0xd79c</run_address>
         <size>0x2c</size>
         <input_file_ref idref="fl-37"/>
      </object_component>
      <object_component id="oc-1f0">
         <name>.text</name>
         <load_address>0xd7c8</load_address>
         <run_address>0xd7c8</run_address>
         <size>0x2c</size>
         <input_file_ref idref="fl-50"/>
      </object_component>
      <object_component id="oc-21e">
         <name>.text</name>
         <load_address>0xd7f4</load_address>
         <run_address>0xd7f4</run_address>
         <size>0x26</size>
         <input_file_ref idref="fl-58"/>
      </object_component>
      <object_component id="oc-146">
         <name>.text:calculate_lightlevel</name>
         <load_address>0xd81a</load_address>
         <run_address>0xd81a</run_address>
         <size>0x1c</size>
         <input_file_ref idref="fl-2"/>
      </object_component>
      <object_component id="oc-68">
         <name>.text:_c_int00_noargs_noexit</name>
         <load_address>0xd836</load_address>
         <run_address>0xd836</run_address>
         <size>0x1a</size>
         <input_file_ref idref="fl-32"/>
      </object_component>
      <object_component id="oc-175">
         <name>.text</name>
         <load_address>0xd850</load_address>
         <run_address>0xd850</run_address>
         <size>0x16</size>
         <input_file_ref idref="fl-38"/>
      </object_component>
      <object_component id="oc-af">
         <name>.text:Port_1</name>
         <load_address>0xd866</load_address>
         <run_address>0xd866</run_address>
         <size>0x14</size>
         <input_file_ref idref="fl-2"/>
      </object_component>
      <object_component id="oc-157">
         <name>.text:calculate_feedlevel</name>
         <load_address>0xd87a</load_address>
         <run_address>0xd87a</run_address>
         <size>0x14</size>
         <input_file_ref idref="fl-2"/>
      </object_component>
      <object_component id="oc-22e">
         <name>.text</name>
         <load_address>0xd88e</load_address>
         <run_address>0xd88e</run_address>
         <size>0x14</size>
         <input_file_ref idref="fl-57"/>
      </object_component>
      <object_component id="oc-31">
         <name>.text:decompress:none:__TI_decompress_none</name>
         <load_address>0xd8a2</load_address>
         <run_address>0xd8a2</run_address>
         <size>0x12</size>
         <input_file_ref idref="fl-33"/>
      </object_component>
      <object_component id="oc-140">
         <name>.text:measure_adc</name>
         <load_address>0xd8b4</load_address>
         <run_address>0xd8b4</run_address>
         <size>0x12</size>
         <input_file_ref idref="fl-2"/>
      </object_component>
      <object_component id="oc-90">
         <name>.text:memcpy</name>
         <load_address>0xd8c6</load_address>
         <run_address>0xd8c6</run_address>
         <size>0x12</size>
         <input_file_ref idref="fl-54"/>
      </object_component>
      <object_component id="oc-10b">
         <name>.text</name>
         <load_address>0xd8d8</load_address>
         <run_address>0xd8d8</run_address>
         <size>0x10</size>
         <input_file_ref idref="fl-3a"/>
      </object_component>
      <object_component id="oc-151">
         <name>.text:calculate_waterlevel</name>
         <load_address>0xd8e8</load_address>
         <run_address>0xd8e8</run_address>
         <size>0xc</size>
         <input_file_ref idref="fl-2"/>
      </object_component>
      <object_component id="oc-13a">
         <name>.text:send_systemdata</name>
         <load_address>0xd8f4</load_address>
         <run_address>0xd8f4</run_address>
         <size>0xc</size>
         <input_file_ref idref="fl-2"/>
      </object_component>
      <object_component id="oc-1a5">
         <name>.text:__mspabi_fltud</name>
         <load_address>0xd900</load_address>
         <run_address>0xd900</run_address>
         <size>0x6</size>
         <input_file_ref idref="fl-3c"/>
      </object_component>
      <object_component id="oc-aa">
         <name>.text:_isr:__TI_ISR_TRAP</name>
         <load_address>0xd906</load_address>
         <run_address>0xd906</run_address>
         <size>0x6</size>
         <input_file_ref idref="fl-4f"/>
      </object_component>
      <object_component id="oc-37">
         <name>.text:decompress:rle24:__TI_decompress_rle24</name>
         <load_address>0xd90c</load_address>
         <run_address>0xd90c</run_address>
         <size>0x6</size>
         <input_file_ref idref="fl-34"/>
      </object_component>
      <object_component id="oc-c2">
         <name>.text:_system_pre_init</name>
         <load_address>0xd912</load_address>
         <run_address>0xd912</run_address>
         <size>0x4</size>
         <input_file_ref idref="fl-59"/>
      </object_component>
      <object_component id="oc-ea">
         <name>.text:abort</name>
         <load_address>0xd916</load_address>
         <run_address>0xd916</run_address>
         <size>0x4</size>
         <input_file_ref idref="fl-3b"/>
      </object_component>
      <object_component id="oc-27a">
         <name>.cinit..data.load</name>
         <load_address>0xd91a</load_address>
         <run_address>0xd91a</run_address>
         <size>0x1b</size>
      </object_component>
      <object_component id="oc-278">
         <name>__TI_handler_table</name>
         <load_address>0xd936</load_address>
         <run_address>0xd936</run_address>
         <size>0x4</size>
      </object_component>
      <object_component id="oc-279">
         <name>__TI_cinit_table</name>
         <load_address>0xd93a</load_address>
         <run_address>0xd93a</run_address>
         <size>0x4</size>
      </object_component>
      <object_component id="oc-3d">
         <name>.int00</name>
         <load_address>0xffe0</load_address>
         <run_address>0xffe0</run_address>
         <size>0x2</size>
         <input_file_ref idref="fl-44"/>
      </object_component>
      <object_component id="oc-3e">
         <name>.int02</name>
         <load_address>0xffe4</load_address>
         <run_address>0xffe4</run_address>
         <size>0x2</size>
         <input_file_ref idref="fl-2"/>
      </object_component>
      <object_component id="oc-3f">
         <name>.int03</name>
         <load_address>0xffe6</load_address>
         <run_address>0xffe6</run_address>
         <size>0x2</size>
         <input_file_ref idref="fl-45"/>
      </object_component>
      <object_component id="oc-40">
         <name>.int05</name>
         <load_address>0xffea</load_address>
         <run_address>0xffea</run_address>
         <size>0x2</size>
         <input_file_ref idref="fl-46"/>
      </object_component>
      <object_component id="oc-41">
         <name>.int06</name>
         <load_address>0xffec</load_address>
         <run_address>0xffec</run_address>
         <size>0x2</size>
         <input_file_ref idref="fl-47"/>
      </object_component>
      <object_component id="oc-42">
         <name>.int07</name>
         <load_address>0xffee</load_address>
         <run_address>0xffee</run_address>
         <size>0x2</size>
         <input_file_ref idref="fl-48"/>
      </object_component>
      <object_component id="oc-43">
         <name>.int08</name>
         <load_address>0xfff0</load_address>
         <run_address>0xfff0</run_address>
         <size>0x2</size>
         <input_file_ref idref="fl-49"/>
      </object_component>
      <object_component id="oc-44">
         <name>.int09</name>
         <load_address>0xfff2</load_address>
         <run_address>0xfff2</run_address>
         <size>0x2</size>
         <input_file_ref idref="fl-2"/>
      </object_component>
      <object_component id="oc-45">
         <name>.int10</name>
         <load_address>0xfff4</load_address>
         <run_address>0xfff4</run_address>
         <size>0x2</size>
         <input_file_ref idref="fl-4a"/>
      </object_component>
      <object_component id="oc-46">
         <name>.int11</name>
         <load_address>0xfff6</load_address>
         <run_address>0xfff6</run_address>
         <size>0x2</size>
         <input_file_ref idref="fl-4b"/>
      </object_component>
      <object_component id="oc-47">
         <name>.int12</name>
         <load_address>0xfff8</load_address>
         <run_address>0xfff8</run_address>
         <size>0x2</size>
         <input_file_ref idref="fl-4c"/>
      </object_component>
      <object_component id="oc-48">
         <name>.int13</name>
         <load_address>0xfffa</load_address>
         <run_address>0xfffa</run_address>
         <size>0x2</size>
         <input_file_ref idref="fl-4d"/>
      </object_component>
      <object_component id="oc-49">
         <name>.int14</name>
         <load_address>0xfffc</load_address>
         <run_address>0xfffc</run_address>
         <size>0x2</size>
         <input_file_ref idref="fl-4e"/>
      </object_component>
      <object_component id="oc-8f">
         <name>.reset</name>
         <load_address>0xfffe</load_address>
         <run_address>0xfffe</run_address>
         <size>0x2</size>
         <input_file_ref idref="fl-31"/>
      </object_component>
      <object_component id="oc-114">
         <name>.data</name>
         <load_address>0x200</load_address>
         <run_address>0x200</run_address>
         <size>0x1c</size>
         <input_file_ref idref="fl-2"/>
      </object_component>
      <object_component id="oc-19b">
         <name>.data:step</name>
         <load_address>0x21c</load_address>
         <run_address>0x21c</run_address>
         <size>0x10</size>
         <input_file_ref idref="fl-2"/>
      </object_component>
      <object_component id="oc-1dd">
         <name>.debug_info</name>
         <load_address>0x0</load_address>
         <run_address>0x0</run_address>
         <size>0x52b</size>
         <input_file_ref idref="fl-2"/>
      </object_component>
      <object_component id="oc-115">
         <name>.debug_info</name>
         <load_address>0x52b</load_address>
         <run_address>0x52b</run_address>
         <size>0x27c</size>
         <input_file_ref idref="fl-2"/>
      </object_component>
      <object_component id="oc-19c">
         <name>.debug_info</name>
         <load_address>0x7a7</load_address>
         <run_address>0x7a7</run_address>
         <size>0xb7</size>
         <input_file_ref idref="fl-2"/>
      </object_component>
      <object_component id="oc-e3">
         <name>.debug_info</name>
         <load_address>0x85e</load_address>
         <run_address>0x85e</run_address>
         <size>0x2a8</size>
         <input_file_ref idref="fl-2"/>
      </object_component>
      <object_component id="oc-141">
         <name>.debug_info</name>
         <load_address>0xb06</load_address>
         <run_address>0xb06</run_address>
         <size>0x10e</size>
         <input_file_ref idref="fl-2"/>
      </object_component>
      <object_component id="oc-147">
         <name>.debug_info</name>
         <load_address>0xc14</load_address>
         <run_address>0xc14</run_address>
         <size>0x134</size>
         <input_file_ref idref="fl-2"/>
      </object_component>
      <object_component id="oc-152">
         <name>.debug_info</name>
         <load_address>0xd48</load_address>
         <run_address>0xd48</run_address>
         <size>0x13b</size>
         <input_file_ref idref="fl-2"/>
      </object_component>
      <object_component id="oc-1c8">
         <name>.debug_info</name>
         <load_address>0xe83</load_address>
         <run_address>0xe83</run_address>
         <size>0x145</size>
         <input_file_ref idref="fl-2"/>
      </object_component>
      <object_component id="oc-15e">
         <name>.debug_info</name>
         <load_address>0xfc8</load_address>
         <run_address>0xfc8</run_address>
         <size>0x1fa</size>
         <input_file_ref idref="fl-2"/>
      </object_component>
      <object_component id="oc-169">
         <name>.debug_info</name>
         <load_address>0x11c2</load_address>
         <run_address>0x11c2</run_address>
         <size>0x16c</size>
         <input_file_ref idref="fl-2"/>
      </object_component>
      <object_component id="oc-158">
         <name>.debug_info</name>
         <load_address>0x132e</load_address>
         <run_address>0x132e</run_address>
         <size>0x13c</size>
         <input_file_ref idref="fl-2"/>
      </object_component>
      <object_component id="oc-135">
         <name>.debug_info</name>
         <load_address>0x146a</load_address>
         <run_address>0x146a</run_address>
         <size>0x105</size>
         <input_file_ref idref="fl-2"/>
      </object_component>
      <object_component id="oc-13b">
         <name>.debug_info</name>
         <load_address>0x156f</load_address>
         <run_address>0x156f</run_address>
         <size>0x11c</size>
         <input_file_ref idref="fl-2"/>
      </object_component>
      <object_component id="oc-b6">
         <name>.debug_info</name>
         <load_address>0x168b</load_address>
         <run_address>0x168b</run_address>
         <size>0xff</size>
         <input_file_ref idref="fl-2"/>
      </object_component>
      <object_component id="oc-b0">
         <name>.debug_info</name>
         <load_address>0x178a</load_address>
         <run_address>0x178a</run_address>
         <size>0xe9</size>
         <input_file_ref idref="fl-2"/>
      </object_component>
      <object_component id="oc-f8">
         <name>.debug_info</name>
         <load_address>0x1873</load_address>
         <run_address>0x1873</run_address>
         <size>0x84</size>
         <input_file_ref idref="fl-2"/>
      </object_component>
      <object_component id="oc-8d">
         <name>.debug_info</name>
         <load_address>0x18f7</load_address>
         <run_address>0x18f7</run_address>
         <size>0xd8</size>
         <input_file_ref idref="fl-31"/>
      </object_component>
      <object_component id="oc-69">
         <name>.debug_info</name>
         <load_address>0x19cf</load_address>
         <run_address>0x19cf</run_address>
         <size>0x179</size>
         <input_file_ref idref="fl-32"/>
      </object_component>
      <object_component id="oc-9c">
         <name>.debug_info</name>
         <load_address>0x1b48</load_address>
         <run_address>0x1b48</run_address>
         <size>0x195</size>
         <input_file_ref idref="fl-33"/>
      </object_component>
      <object_component id="oc-32">
         <name>.debug_info</name>
         <load_address>0x1cdd</load_address>
         <run_address>0x1cdd</run_address>
         <size>0x1c2</size>
         <input_file_ref idref="fl-33"/>
      </object_component>
      <object_component id="oc-97">
         <name>.debug_info</name>
         <load_address>0x1e9f</load_address>
         <run_address>0x1e9f</run_address>
         <size>0x46</size>
         <input_file_ref idref="fl-33"/>
      </object_component>
      <object_component id="oc-104">
         <name>.debug_info</name>
         <load_address>0x1ee5</load_address>
         <run_address>0x1ee5</run_address>
         <size>0x2c</size>
         <input_file_ref idref="fl-33"/>
      </object_component>
      <object_component id="oc-a4">
         <name>.debug_info</name>
         <load_address>0x1f11</load_address>
         <run_address>0x1f11</run_address>
         <size>0x157</size>
         <input_file_ref idref="fl-34"/>
      </object_component>
      <object_component id="oc-9e">
         <name>.debug_info</name>
         <load_address>0x2068</load_address>
         <run_address>0x2068</run_address>
         <size>0x21d</size>
         <input_file_ref idref="fl-34"/>
      </object_component>
      <object_component id="oc-38">
         <name>.debug_info</name>
         <load_address>0x2285</load_address>
         <run_address>0x2285</run_address>
         <size>0x194</size>
         <input_file_ref idref="fl-34"/>
      </object_component>
      <object_component id="oc-a5">
         <name>.debug_info</name>
         <load_address>0x2419</load_address>
         <run_address>0x2419</run_address>
         <size>0x39</size>
         <input_file_ref idref="fl-34"/>
      </object_component>
      <object_component id="oc-ff">
         <name>.debug_info</name>
         <load_address>0x2452</load_address>
         <run_address>0x2452</run_address>
         <size>0x2c</size>
         <input_file_ref idref="fl-35"/>
      </object_component>
      <object_component id="oc-20f">
         <name>.debug_info</name>
         <load_address>0x247e</load_address>
         <run_address>0x247e</run_address>
         <size>0x1b8</size>
         <input_file_ref idref="fl-36"/>
      </object_component>
      <object_component id="oc-1b8">
         <name>.debug_info</name>
         <load_address>0x2636</load_address>
         <run_address>0x2636</run_address>
         <size>0x1b0</size>
         <input_file_ref idref="fl-36"/>
      </object_component>
      <object_component id="oc-11a">
         <name>.debug_info</name>
         <load_address>0x27e6</load_address>
         <run_address>0x27e6</run_address>
         <size>0x114</size>
         <input_file_ref idref="fl-37"/>
      </object_component>
      <object_component id="oc-176">
         <name>.debug_info</name>
         <load_address>0x28fa</load_address>
         <run_address>0x28fa</run_address>
         <size>0x100</size>
         <input_file_ref idref="fl-38"/>
      </object_component>
      <object_component id="oc-208">
         <name>.debug_info</name>
         <load_address>0x29fa</load_address>
         <run_address>0x29fa</run_address>
         <size>0x1f5</size>
         <input_file_ref idref="fl-39"/>
      </object_component>
      <object_component id="oc-1b2">
         <name>.debug_info</name>
         <load_address>0x2bef</load_address>
         <run_address>0x2bef</run_address>
         <size>0x262</size>
         <input_file_ref idref="fl-39"/>
      </object_component>
      <object_component id="oc-1f7">
         <name>.debug_info</name>
         <load_address>0x2e51</load_address>
         <run_address>0x2e51</run_address>
         <size>0x94</size>
         <input_file_ref idref="fl-39"/>
      </object_component>
      <object_component id="oc-10c">
         <name>.debug_info</name>
         <load_address>0x2ee5</load_address>
         <run_address>0x2ee5</run_address>
         <size>0x10d</size>
         <input_file_ref idref="fl-3a"/>
      </object_component>
      <object_component id="oc-eb">
         <name>.debug_info</name>
         <load_address>0x2ff2</load_address>
         <run_address>0x2ff2</run_address>
         <size>0xfa</size>
         <input_file_ref idref="fl-3b"/>
      </object_component>
      <object_component id="oc-1a6">
         <name>.debug_info</name>
         <load_address>0x30ec</load_address>
         <run_address>0x30ec</run_address>
         <size>0x13e</size>
         <input_file_ref idref="fl-3c"/>
      </object_component>
      <object_component id="oc-21c">
         <name>.debug_info</name>
         <load_address>0x322a</load_address>
         <run_address>0x322a</run_address>
         <size>0x1be</size>
         <input_file_ref idref="fl-3d"/>
      </object_component>
      <object_component id="oc-1e1">
         <name>.debug_info</name>
         <load_address>0x33e8</load_address>
         <run_address>0x33e8</run_address>
         <size>0x1bb</size>
         <input_file_ref idref="fl-3d"/>
      </object_component>
      <object_component id="oc-234">
         <name>.debug_info</name>
         <load_address>0x35a3</load_address>
         <run_address>0x35a3</run_address>
         <size>0x1c5</size>
         <input_file_ref idref="fl-3e"/>
      </object_component>
      <object_component id="oc-202">
         <name>.debug_info</name>
         <load_address>0x3768</load_address>
         <run_address>0x3768</run_address>
         <size>0x5c1</size>
         <input_file_ref idref="fl-3e"/>
      </object_component>
      <object_component id="oc-1c3">
         <name>.debug_info</name>
         <load_address>0x3d29</load_address>
         <run_address>0x3d29</run_address>
         <size>0x100</size>
         <input_file_ref idref="fl-3f"/>
      </object_component>
      <object_component id="oc-1d2">
         <name>.debug_info</name>
         <load_address>0x3e29</load_address>
         <run_address>0x3e29</run_address>
         <size>0x10c</size>
         <input_file_ref idref="fl-40"/>
      </object_component>
      <object_component id="oc-1be">
         <name>.debug_info</name>
         <load_address>0x3f35</load_address>
         <run_address>0x3f35</run_address>
         <size>0x100</size>
         <input_file_ref idref="fl-41"/>
      </object_component>
      <object_component id="oc-164">
         <name>.debug_info</name>
         <load_address>0x4035</load_address>
         <run_address>0x4035</run_address>
         <size>0x109</size>
         <input_file_ref idref="fl-42"/>
      </object_component>
      <object_component id="oc-14d">
         <name>.debug_info</name>
         <load_address>0x413e</load_address>
         <run_address>0x413e</run_address>
         <size>0x114</size>
         <input_file_ref idref="fl-43"/>
      </object_component>
      <object_component id="oc-ab">
         <name>.debug_info</name>
         <load_address>0x4252</load_address>
         <run_address>0x4252</run_address>
         <size>0xee</size>
         <input_file_ref idref="fl-4f"/>
      </object_component>
      <object_component id="oc-1f1">
         <name>.debug_info</name>
         <load_address>0x4340</load_address>
         <run_address>0x4340</run_address>
         <size>0xff</size>
         <input_file_ref idref="fl-50"/>
      </object_component>
      <object_component id="oc-20a">
         <name>.debug_info</name>
         <load_address>0x443f</load_address>
         <run_address>0x443f</run_address>
         <size>0x105</size>
         <input_file_ref idref="fl-51"/>
      </object_component>
      <object_component id="oc-1fd">
         <name>.debug_info</name>
         <load_address>0x4544</load_address>
         <run_address>0x4544</run_address>
         <size>0xff</size>
         <input_file_ref idref="fl-52"/>
      </object_component>
      <object_component id="oc-217">
         <name>.debug_info</name>
         <load_address>0x4643</load_address>
         <run_address>0x4643</run_address>
         <size>0x105</size>
         <input_file_ref idref="fl-53"/>
      </object_component>
      <object_component id="oc-fe">
         <name>.debug_info</name>
         <load_address>0x4748</load_address>
         <run_address>0x4748</run_address>
         <size>0x150</size>
         <input_file_ref idref="fl-54"/>
      </object_component>
      <object_component id="oc-91">
         <name>.debug_info</name>
         <load_address>0x4898</load_address>
         <run_address>0x4898</run_address>
         <size>0x174</size>
         <input_file_ref idref="fl-54"/>
      </object_component>
      <object_component id="oc-1f6">
         <name>.debug_info</name>
         <load_address>0x4a0c</load_address>
         <run_address>0x4a0c</run_address>
         <size>0x1f5</size>
         <input_file_ref idref="fl-56"/>
      </object_component>
      <object_component id="oc-1ac">
         <name>.debug_info</name>
         <load_address>0x4c01</load_address>
         <run_address>0x4c01</run_address>
         <size>0x2ae</size>
         <input_file_ref idref="fl-56"/>
      </object_component>
      <object_component id="oc-231">
         <name>.debug_info</name>
         <load_address>0x4eaf</load_address>
         <run_address>0x4eaf</run_address>
         <size>0x100</size>
         <input_file_ref idref="fl-57"/>
      </object_component>
      <object_component id="oc-220">
         <name>.debug_info</name>
         <load_address>0x4faf</load_address>
         <run_address>0x4faf</run_address>
         <size>0x100</size>
         <input_file_ref idref="fl-58"/>
      </object_component>
      <object_component id="oc-c3">
         <name>.debug_info</name>
         <load_address>0x50af</load_address>
         <run_address>0x50af</run_address>
         <size>0x12b</size>
         <input_file_ref idref="fl-59"/>
      </object_component>
      <object_component id="oc-1e7">
         <name>.debug_info</name>
         <load_address>0x51da</load_address>
         <run_address>0x51da</run_address>
         <size>0xff</size>
         <input_file_ref idref="fl-5c"/>
      </object_component>
      <object_component id="oc-224">
         <name>.debug_info</name>
         <load_address>0x52d9</load_address>
         <run_address>0x52d9</run_address>
         <size>0x105</size>
         <input_file_ref idref="fl-5d"/>
      </object_component>
      <object_component id="oc-122">
         <name>.debug_info</name>
         <load_address>0x53de</load_address>
         <run_address>0x53de</run_address>
         <size>0x2cc</size>
         <input_file_ref idref="fl-5e"/>
      </object_component>
      <object_component id="oc-c9">
         <name>.debug_info</name>
         <load_address>0x56aa</load_address>
         <run_address>0x56aa</run_address>
         <size>0x17e</size>
         <input_file_ref idref="fl-5e"/>
      </object_component>
      <object_component id="oc-17d">
         <name>.debug_info</name>
         <load_address>0x5828</load_address>
         <run_address>0x5828</run_address>
         <size>0x39</size>
         <input_file_ref idref="fl-5e"/>
      </object_component>
      <object_component id="oc-229">
         <name>.debug_info</name>
         <load_address>0x5861</load_address>
         <run_address>0x5861</run_address>
         <size>0x1e1</size>
         <input_file_ref idref="fl-5f"/>
      </object_component>
      <object_component id="oc-1eb">
         <name>.debug_info</name>
         <load_address>0x5a42</load_address>
         <run_address>0x5a42</run_address>
         <size>0x3af</size>
         <input_file_ref idref="fl-5f"/>
      </object_component>
      <object_component id="oc-27c">
         <name>.debug_info</name>
         <load_address>0x5df1</load_address>
         <run_address>0x5df1</run_address>
         <size>0x95</size>
      </object_component>
      <object_component id="oc-215">
         <name>.debug_line</name>
         <load_address>0x0</load_address>
         <run_address>0x0</run_address>
         <size>0x9c</size>
         <input_file_ref idref="fl-2"/>
      </object_component>
      <object_component id="oc-174">
         <name>.debug_line</name>
         <load_address>0x9c</load_address>
         <run_address>0x9c</run_address>
         <size>0x2d</size>
         <input_file_ref idref="fl-2"/>
      </object_component>
      <object_component id="oc-1dc">
         <name>.debug_line</name>
         <load_address>0xc9</load_address>
         <run_address>0xc9</run_address>
         <size>0x2d</size>
         <input_file_ref idref="fl-2"/>
      </object_component>
      <object_component id="oc-e6">
         <name>.debug_line</name>
         <load_address>0xf6</load_address>
         <run_address>0xf6</run_address>
         <size>0xbc</size>
         <input_file_ref idref="fl-2"/>
      </object_component>
      <object_component id="oc-144">
         <name>.debug_line</name>
         <load_address>0x1b2</load_address>
         <run_address>0x1b2</run_address>
         <size>0x46</size>
         <input_file_ref idref="fl-2"/>
      </object_component>
      <object_component id="oc-14a">
         <name>.debug_line</name>
         <load_address>0x1f8</load_address>
         <run_address>0x1f8</run_address>
         <size>0x43</size>
         <input_file_ref idref="fl-2"/>
      </object_component>
      <object_component id="oc-155">
         <name>.debug_line</name>
         <load_address>0x23b</load_address>
         <run_address>0x23b</run_address>
         <size>0x43</size>
         <input_file_ref idref="fl-2"/>
      </object_component>
      <object_component id="oc-1cb">
         <name>.debug_line</name>
         <load_address>0x27e</load_address>
         <run_address>0x27e</run_address>
         <size>0x162</size>
         <input_file_ref idref="fl-2"/>
      </object_component>
      <object_component id="oc-161">
         <name>.debug_line</name>
         <load_address>0x3e0</load_address>
         <run_address>0x3e0</run_address>
         <size>0x46</size>
         <input_file_ref idref="fl-2"/>
      </object_component>
      <object_component id="oc-16c">
         <name>.debug_line</name>
         <load_address>0x426</load_address>
         <run_address>0x426</run_address>
         <size>0x43</size>
         <input_file_ref idref="fl-2"/>
      </object_component>
      <object_component id="oc-15b">
         <name>.debug_line</name>
         <load_address>0x469</load_address>
         <run_address>0x469</run_address>
         <size>0x43</size>
         <input_file_ref idref="fl-2"/>
      </object_component>
      <object_component id="oc-138">
         <name>.debug_line</name>
         <load_address>0x4ac</load_address>
         <run_address>0x4ac</run_address>
         <size>0x53</size>
         <input_file_ref idref="fl-2"/>
      </object_component>
      <object_component id="oc-13e">
         <name>.debug_line</name>
         <load_address>0x4ff</load_address>
         <run_address>0x4ff</run_address>
         <size>0x46</size>
         <input_file_ref idref="fl-2"/>
      </object_component>
      <object_component id="oc-b9">
         <name>.debug_line</name>
         <load_address>0x545</load_address>
         <run_address>0x545</run_address>
         <size>0x54</size>
         <input_file_ref idref="fl-2"/>
      </object_component>
      <object_component id="oc-b3">
         <name>.debug_line</name>
         <load_address>0x599</load_address>
         <run_address>0x599</run_address>
         <size>0x46</size>
         <input_file_ref idref="fl-2"/>
      </object_component>
      <object_component id="oc-fb">
         <name>.debug_line</name>
         <load_address>0x5df</load_address>
         <run_address>0x5df</run_address>
         <size>0x20</size>
         <input_file_ref idref="fl-2"/>
      </object_component>
      <object_component id="oc-f7">
         <name>.debug_line</name>
         <load_address>0x5ff</load_address>
         <run_address>0x5ff</run_address>
         <size>0x2a</size>
         <input_file_ref idref="fl-31"/>
      </object_component>
      <object_component id="oc-6c">
         <name>.debug_line</name>
         <load_address>0x629</load_address>
         <run_address>0x629</run_address>
         <size>0x4c</size>
         <input_file_ref idref="fl-32"/>
      </object_component>
      <object_component id="oc-10a">
         <name>.debug_line</name>
         <load_address>0x675</load_address>
         <run_address>0x675</run_address>
         <size>0x72</size>
         <input_file_ref idref="fl-33"/>
      </object_component>
      <object_component id="oc-35">
         <name>.debug_line</name>
         <load_address>0x6e7</load_address>
         <run_address>0x6e7</run_address>
         <size>0x50</size>
         <input_file_ref idref="fl-33"/>
      </object_component>
      <object_component id="oc-9a">
         <name>.debug_line</name>
         <load_address>0x737</load_address>
         <run_address>0x737</run_address>
         <size>0x3a</size>
         <input_file_ref idref="fl-33"/>
      </object_component>
      <object_component id="oc-107">
         <name>.debug_line</name>
         <load_address>0x771</load_address>
         <run_address>0x771</run_address>
         <size>0x72</size>
         <input_file_ref idref="fl-33"/>
      </object_component>
      <object_component id="oc-112">
         <name>.debug_line</name>
         <load_address>0x7e3</load_address>
         <run_address>0x7e3</run_address>
         <size>0x20</size>
         <input_file_ref idref="fl-34"/>
      </object_component>
      <object_component id="oc-a1">
         <name>.debug_line</name>
         <load_address>0x803</load_address>
         <run_address>0x803</run_address>
         <size>0x87</size>
         <input_file_ref idref="fl-34"/>
      </object_component>
      <object_component id="oc-3b">
         <name>.debug_line</name>
         <load_address>0x88a</load_address>
         <run_address>0x88a</run_address>
         <size>0x49</size>
         <input_file_ref idref="fl-34"/>
      </object_component>
      <object_component id="oc-a8">
         <name>.debug_line</name>
         <load_address>0x8d3</load_address>
         <run_address>0x8d3</run_address>
         <size>0x39</size>
         <input_file_ref idref="fl-34"/>
      </object_component>
      <object_component id="oc-102">
         <name>.debug_line</name>
         <load_address>0x90c</load_address>
         <run_address>0x90c</run_address>
         <size>0x72</size>
         <input_file_ref idref="fl-35"/>
      </object_component>
      <object_component id="oc-239">
         <name>.debug_line</name>
         <load_address>0x97e</load_address>
         <run_address>0x97e</run_address>
         <size>0x20</size>
         <input_file_ref idref="fl-36"/>
      </object_component>
      <object_component id="oc-1bb">
         <name>.debug_line</name>
         <load_address>0x99e</load_address>
         <run_address>0x99e</run_address>
         <size>0x6c</size>
         <input_file_ref idref="fl-36"/>
      </object_component>
      <object_component id="oc-11c">
         <name>.debug_line</name>
         <load_address>0xa0a</load_address>
         <run_address>0xa0a</run_address>
         <size>0x4d</size>
         <input_file_ref idref="fl-37"/>
      </object_component>
      <object_component id="oc-179">
         <name>.debug_line</name>
         <load_address>0xa57</load_address>
         <run_address>0xa57</run_address>
         <size>0x43</size>
         <input_file_ref idref="fl-38"/>
      </object_component>
      <object_component id="oc-236">
         <name>.debug_line</name>
         <load_address>0xa9a</load_address>
         <run_address>0xa9a</run_address>
         <size>0x2d</size>
         <input_file_ref idref="fl-39"/>
      </object_component>
      <object_component id="oc-1b5">
         <name>.debug_line</name>
         <load_address>0xac7</load_address>
         <run_address>0xac7</run_address>
         <size>0xe9</size>
         <input_file_ref idref="fl-39"/>
      </object_component>
      <object_component id="oc-1fa">
         <name>.debug_line</name>
         <load_address>0xbb0</load_address>
         <run_address>0xbb0</run_address>
         <size>0x2e</size>
         <input_file_ref idref="fl-39"/>
      </object_component>
      <object_component id="oc-10f">
         <name>.debug_line</name>
         <load_address>0xbde</load_address>
         <run_address>0xbde</run_address>
         <size>0x40</size>
         <input_file_ref idref="fl-3a"/>
      </object_component>
      <object_component id="oc-ee">
         <name>.debug_line</name>
         <load_address>0xc1e</load_address>
         <run_address>0xc1e</run_address>
         <size>0x3a</size>
         <input_file_ref idref="fl-3b"/>
      </object_component>
      <object_component id="oc-1a9">
         <name>.debug_line</name>
         <load_address>0xc58</load_address>
         <run_address>0xc58</run_address>
         <size>0x3d</size>
         <input_file_ref idref="fl-3c"/>
      </object_component>
      <object_component id="oc-23c">
         <name>.debug_line</name>
         <load_address>0xc95</load_address>
         <run_address>0xc95</run_address>
         <size>0x20</size>
         <input_file_ref idref="fl-3d"/>
      </object_component>
      <object_component id="oc-1e0">
         <name>.debug_line</name>
         <load_address>0xcb5</load_address>
         <run_address>0xcb5</run_address>
         <size>0x72</size>
         <input_file_ref idref="fl-3d"/>
      </object_component>
      <object_component id="oc-243">
         <name>.debug_line</name>
         <load_address>0xd27</load_address>
         <run_address>0xd27</run_address>
         <size>0x20</size>
         <input_file_ref idref="fl-3e"/>
      </object_component>
      <object_component id="oc-205">
         <name>.debug_line</name>
         <load_address>0xd47</load_address>
         <run_address>0xd47</run_address>
         <size>0xf0</size>
         <input_file_ref idref="fl-3e"/>
      </object_component>
      <object_component id="oc-1c6">
         <name>.debug_line</name>
         <load_address>0xe37</load_address>
         <run_address>0xe37</run_address>
         <size>0xba</size>
         <input_file_ref idref="fl-3f"/>
      </object_component>
      <object_component id="oc-1d1">
         <name>.debug_line</name>
         <load_address>0xef1</load_address>
         <run_address>0xef1</run_address>
         <size>0x5e</size>
         <input_file_ref idref="fl-40"/>
      </object_component>
      <object_component id="oc-1c1">
         <name>.debug_line</name>
         <load_address>0xf4f</load_address>
         <run_address>0xf4f</run_address>
         <size>0x82</size>
         <input_file_ref idref="fl-41"/>
      </object_component>
      <object_component id="oc-167">
         <name>.debug_line</name>
         <load_address>0xfd1</load_address>
         <run_address>0xfd1</run_address>
         <size>0x55</size>
         <input_file_ref idref="fl-42"/>
      </object_component>
      <object_component id="oc-150">
         <name>.debug_line</name>
         <load_address>0x1026</load_address>
         <run_address>0x1026</run_address>
         <size>0x68</size>
         <input_file_ref idref="fl-43"/>
      </object_component>
      <object_component id="oc-ae">
         <name>.debug_line</name>
         <load_address>0x108e</load_address>
         <run_address>0x108e</run_address>
         <size>0x3c</size>
         <input_file_ref idref="fl-4f"/>
      </object_component>
      <object_component id="oc-1f4">
         <name>.debug_line</name>
         <load_address>0x10ca</load_address>
         <run_address>0x10ca</run_address>
         <size>0x4e</size>
         <input_file_ref idref="fl-50"/>
      </object_component>
      <object_component id="oc-20d">
         <name>.debug_line</name>
         <load_address>0x1118</load_address>
         <run_address>0x1118</run_address>
         <size>0x56</size>
         <input_file_ref idref="fl-51"/>
      </object_component>
      <object_component id="oc-200">
         <name>.debug_line</name>
         <load_address>0x116e</load_address>
         <run_address>0x116e</run_address>
         <size>0x5e</size>
         <input_file_ref idref="fl-52"/>
      </object_component>
      <object_component id="oc-21a">
         <name>.debug_line</name>
         <load_address>0x11cc</load_address>
         <run_address>0x11cc</run_address>
         <size>0x65</size>
         <input_file_ref idref="fl-53"/>
      </object_component>
      <object_component id="oc-171">
         <name>.debug_line</name>
         <load_address>0x1231</load_address>
         <run_address>0x1231</run_address>
         <size>0x20</size>
         <input_file_ref idref="fl-54"/>
      </object_component>
      <object_component id="oc-94">
         <name>.debug_line</name>
         <load_address>0x1251</load_address>
         <run_address>0x1251</run_address>
         <size>0x45</size>
         <input_file_ref idref="fl-54"/>
      </object_component>
      <object_component id="oc-22c">
         <name>.debug_line</name>
         <load_address>0x1296</load_address>
         <run_address>0x1296</run_address>
         <size>0x2d</size>
         <input_file_ref idref="fl-56"/>
      </object_component>
      <object_component id="oc-1af">
         <name>.debug_line</name>
         <load_address>0x12c3</load_address>
         <run_address>0x12c3</run_address>
         <size>0x103</size>
         <input_file_ref idref="fl-56"/>
      </object_component>
      <object_component id="oc-22f">
         <name>.debug_line</name>
         <load_address>0x13c6</load_address>
         <run_address>0x13c6</run_address>
         <size>0x42</size>
         <input_file_ref idref="fl-57"/>
      </object_component>
      <object_component id="oc-21f">
         <name>.debug_line</name>
         <load_address>0x1408</load_address>
         <run_address>0x1408</run_address>
         <size>0x4b</size>
         <input_file_ref idref="fl-58"/>
      </object_component>
      <object_component id="oc-c6">
         <name>.debug_line</name>
         <load_address>0x1453</load_address>
         <run_address>0x1453</run_address>
         <size>0x3e</size>
         <input_file_ref idref="fl-59"/>
      </object_component>
      <object_component id="oc-1e6">
         <name>.debug_line</name>
         <load_address>0x1491</load_address>
         <run_address>0x1491</run_address>
         <size>0x4e</size>
         <input_file_ref idref="fl-5c"/>
      </object_component>
      <object_component id="oc-227">
         <name>.debug_line</name>
         <load_address>0x14df</load_address>
         <run_address>0x14df</run_address>
         <size>0x56</size>
         <input_file_ref idref="fl-5d"/>
      </object_component>
      <object_component id="oc-17c">
         <name>.debug_line</name>
         <load_address>0x1535</load_address>
         <run_address>0x1535</run_address>
         <size>0x2e</size>
         <input_file_ref idref="fl-5e"/>
      </object_component>
      <object_component id="oc-cc">
         <name>.debug_line</name>
         <load_address>0x1563</load_address>
         <run_address>0x1563</run_address>
         <size>0x7b</size>
         <input_file_ref idref="fl-5e"/>
      </object_component>
      <object_component id="oc-180">
         <name>.debug_line</name>
         <load_address>0x15de</load_address>
         <run_address>0x15de</run_address>
         <size>0x2e</size>
         <input_file_ref idref="fl-5e"/>
      </object_component>
      <object_component id="oc-240">
         <name>.debug_line</name>
         <load_address>0x160c</load_address>
         <run_address>0x160c</run_address>
         <size>0x20</size>
         <input_file_ref idref="fl-5f"/>
      </object_component>
      <object_component id="oc-1ee">
         <name>.debug_line</name>
         <load_address>0x162c</load_address>
         <run_address>0x162c</run_address>
         <size>0xa8</size>
         <input_file_ref idref="fl-5f"/>
      </object_component>
      <object_component id="oc-e7">
         <name>.debug_frame</name>
         <load_address>0x0</load_address>
         <run_address>0x0</run_address>
         <size>0x48</size>
         <input_file_ref idref="fl-2"/>
      </object_component>
      <object_component id="oc-145">
         <name>.debug_frame</name>
         <load_address>0x48</load_address>
         <run_address>0x48</run_address>
         <size>0x47</size>
         <input_file_ref idref="fl-2"/>
      </object_component>
      <object_component id="oc-14b">
         <name>.debug_frame</name>
         <load_address>0x8f</load_address>
         <run_address>0x8f</run_address>
         <size>0x47</size>
         <input_file_ref idref="fl-2"/>
      </object_component>
      <object_component id="oc-156">
         <name>.debug_frame</name>
         <load_address>0xd6</load_address>
         <run_address>0xd6</run_address>
         <size>0x47</size>
         <input_file_ref idref="fl-2"/>
      </object_component>
      <object_component id="oc-1cc">
         <name>.debug_frame</name>
         <load_address>0x11d</load_address>
         <run_address>0x11d</run_address>
         <size>0x48</size>
         <input_file_ref idref="fl-2"/>
      </object_component>
      <object_component id="oc-162">
         <name>.debug_frame</name>
         <load_address>0x165</load_address>
         <run_address>0x165</run_address>
         <size>0x56</size>
         <input_file_ref idref="fl-2"/>
      </object_component>
      <object_component id="oc-16d">
         <name>.debug_frame</name>
         <load_address>0x1bb</load_address>
         <run_address>0x1bb</run_address>
         <size>0x51</size>
         <input_file_ref idref="fl-2"/>
      </object_component>
      <object_component id="oc-15c">
         <name>.debug_frame</name>
         <load_address>0x20c</load_address>
         <run_address>0x20c</run_address>
         <size>0x47</size>
         <input_file_ref idref="fl-2"/>
      </object_component>
      <object_component id="oc-139">
         <name>.debug_frame</name>
         <load_address>0x253</load_address>
         <run_address>0x253</run_address>
         <size>0x47</size>
         <input_file_ref idref="fl-2"/>
      </object_component>
      <object_component id="oc-13f">
         <name>.debug_frame</name>
         <load_address>0x29a</load_address>
         <run_address>0x29a</run_address>
         <size>0x47</size>
         <input_file_ref idref="fl-2"/>
      </object_component>
      <object_component id="oc-ba">
         <name>.debug_frame</name>
         <load_address>0x2e1</load_address>
         <run_address>0x2e1</run_address>
         <size>0x74</size>
         <input_file_ref idref="fl-2"/>
      </object_component>
      <object_component id="oc-b4">
         <name>.debug_frame</name>
         <load_address>0x355</load_address>
         <run_address>0x355</run_address>
         <size>0x47</size>
         <input_file_ref idref="fl-2"/>
      </object_component>
      <object_component id="oc-6d">
         <name>.debug_frame</name>
         <load_address>0x39c</load_address>
         <run_address>0x39c</run_address>
         <size>0x42</size>
         <input_file_ref idref="fl-32"/>
      </object_component>
      <object_component id="oc-36">
         <name>.debug_frame</name>
         <load_address>0x3de</load_address>
         <run_address>0x3de</run_address>
         <size>0x47</size>
         <input_file_ref idref="fl-33"/>
      </object_component>
      <object_component id="oc-a2">
         <name>.debug_frame</name>
         <load_address>0x425</load_address>
         <run_address>0x425</run_address>
         <size>0x51</size>
         <input_file_ref idref="fl-34"/>
      </object_component>
      <object_component id="oc-3c">
         <name>.debug_frame</name>
         <load_address>0x476</load_address>
         <run_address>0x476</run_address>
         <size>0x47</size>
         <input_file_ref idref="fl-34"/>
      </object_component>
      <object_component id="oc-1bc">
         <name>.debug_frame</name>
         <load_address>0x4bd</load_address>
         <run_address>0x4bd</run_address>
         <size>0x52</size>
         <input_file_ref idref="fl-36"/>
      </object_component>
      <object_component id="oc-1b6">
         <name>.debug_frame</name>
         <load_address>0x50f</load_address>
         <run_address>0x50f</run_address>
         <size>0x73</size>
         <input_file_ref idref="fl-39"/>
      </object_component>
      <object_component id="oc-ef">
         <name>.debug_frame</name>
         <load_address>0x582</load_address>
         <run_address>0x582</run_address>
         <size>0x47</size>
         <input_file_ref idref="fl-3b"/>
      </object_component>
      <object_component id="oc-1aa">
         <name>.debug_frame</name>
         <load_address>0x5c9</load_address>
         <run_address>0x5c9</run_address>
         <size>0x47</size>
         <input_file_ref idref="fl-3c"/>
      </object_component>
      <object_component id="oc-1e3">
         <name>.debug_frame</name>
         <load_address>0x610</load_address>
         <run_address>0x610</run_address>
         <size>0x51</size>
         <input_file_ref idref="fl-3d"/>
      </object_component>
      <object_component id="oc-206">
         <name>.debug_frame</name>
         <load_address>0x661</load_address>
         <run_address>0x661</run_address>
         <size>0x85</size>
         <input_file_ref idref="fl-3e"/>
      </object_component>
      <object_component id="oc-95">
         <name>.debug_frame</name>
         <load_address>0x6e6</load_address>
         <run_address>0x6e6</run_address>
         <size>0x47</size>
         <input_file_ref idref="fl-54"/>
      </object_component>
      <object_component id="oc-1b0">
         <name>.debug_frame</name>
         <load_address>0x72d</load_address>
         <run_address>0x72d</run_address>
         <size>0x86</size>
         <input_file_ref idref="fl-56"/>
      </object_component>
      <object_component id="oc-c7">
         <name>.debug_frame</name>
         <load_address>0x7b3</load_address>
         <run_address>0x7b3</run_address>
         <size>0x47</size>
         <input_file_ref idref="fl-59"/>
      </object_component>
      <object_component id="oc-cd">
         <name>.debug_frame</name>
         <load_address>0x7fa</load_address>
         <run_address>0x7fa</run_address>
         <size>0x51</size>
         <input_file_ref idref="fl-5e"/>
      </object_component>
      <object_component id="oc-1ef">
         <name>.debug_frame</name>
         <load_address>0x84b</load_address>
         <run_address>0x84b</run_address>
         <size>0x98</size>
         <input_file_ref idref="fl-5f"/>
      </object_component>
      <object_component id="oc-214">
         <name>.debug_abbrev</name>
         <load_address>0x0</load_address>
         <run_address>0x0</run_address>
         <size>0xd9</size>
         <input_file_ref idref="fl-2"/>
      </object_component>
      <object_component id="oc-173">
         <name>.debug_abbrev</name>
         <load_address>0xd9</load_address>
         <run_address>0xd9</run_address>
         <size>0x29</size>
         <input_file_ref idref="fl-2"/>
      </object_component>
      <object_component id="oc-1db">
         <name>.debug_abbrev</name>
         <load_address>0x102</load_address>
         <run_address>0x102</run_address>
         <size>0x29</size>
         <input_file_ref idref="fl-2"/>
      </object_component>
      <object_component id="oc-16e">
         <name>.debug_abbrev</name>
         <load_address>0x12b</load_address>
         <run_address>0x12b</run_address>
         <size>0x52</size>
         <input_file_ref idref="fl-2"/>
      </object_component>
      <object_component id="oc-1a0">
         <name>.debug_abbrev</name>
         <load_address>0x17d</load_address>
         <run_address>0x17d</run_address>
         <size>0x60</size>
         <input_file_ref idref="fl-2"/>
      </object_component>
      <object_component id="oc-1a1">
         <name>.debug_abbrev</name>
         <load_address>0x1dd</load_address>
         <run_address>0x1dd</run_address>
         <size>0x6e</size>
         <input_file_ref idref="fl-2"/>
      </object_component>
      <object_component id="oc-1a3">
         <name>.debug_abbrev</name>
         <load_address>0x24b</load_address>
         <run_address>0x24b</run_address>
         <size>0x6e</size>
         <input_file_ref idref="fl-2"/>
      </object_component>
      <object_component id="oc-212">
         <name>.debug_abbrev</name>
         <load_address>0x2b9</load_address>
         <run_address>0x2b9</run_address>
         <size>0x6e</size>
         <input_file_ref idref="fl-2"/>
      </object_component>
      <object_component id="oc-1cd">
         <name>.debug_abbrev</name>
         <load_address>0x327</load_address>
         <run_address>0x327</run_address>
         <size>0x7c</size>
         <input_file_ref idref="fl-2"/>
      </object_component>
      <object_component id="oc-1d4">
         <name>.debug_abbrev</name>
         <load_address>0x3a3</load_address>
         <run_address>0x3a3</run_address>
         <size>0x7c</size>
         <input_file_ref idref="fl-2"/>
      </object_component>
      <object_component id="oc-1a4">
         <name>.debug_abbrev</name>
         <load_address>0x41f</load_address>
         <run_address>0x41f</run_address>
         <size>0x6e</size>
         <input_file_ref idref="fl-2"/>
      </object_component>
      <object_component id="oc-19e">
         <name>.debug_abbrev</name>
         <load_address>0x48d</load_address>
         <run_address>0x48d</run_address>
         <size>0x5e</size>
         <input_file_ref idref="fl-2"/>
      </object_component>
      <object_component id="oc-19f">
         <name>.debug_abbrev</name>
         <load_address>0x4eb</load_address>
         <run_address>0x4eb</run_address>
         <size>0x6c</size>
         <input_file_ref idref="fl-2"/>
      </object_component>
      <object_component id="oc-11d">
         <name>.debug_abbrev</name>
         <load_address>0x557</load_address>
         <run_address>0x557</run_address>
         <size>0x61</size>
         <input_file_ref idref="fl-2"/>
      </object_component>
      <object_component id="oc-117">
         <name>.debug_abbrev</name>
         <load_address>0x5b8</load_address>
         <run_address>0x5b8</run_address>
         <size>0x53</size>
         <input_file_ref idref="fl-2"/>
      </object_component>
      <object_component id="oc-fa">
         <name>.debug_abbrev</name>
         <load_address>0x60b</load_address>
         <run_address>0x60b</run_address>
         <size>0x1f</size>
         <input_file_ref idref="fl-2"/>
      </object_component>
      <object_component id="oc-f6">
         <name>.debug_abbrev</name>
         <load_address>0x62a</load_address>
         <run_address>0x62a</run_address>
         <size>0x29</size>
         <input_file_ref idref="fl-31"/>
      </object_component>
      <object_component id="oc-f0">
         <name>.debug_abbrev</name>
         <load_address>0x653</load_address>
         <run_address>0x653</run_address>
         <size>0x58</size>
         <input_file_ref idref="fl-32"/>
      </object_component>
      <object_component id="oc-109">
         <name>.debug_abbrev</name>
         <load_address>0x6ab</load_address>
         <run_address>0x6ab</run_address>
         <size>0x5d</size>
         <input_file_ref idref="fl-33"/>
      </object_component>
      <object_component id="oc-96">
         <name>.debug_abbrev</name>
         <load_address>0x708</load_address>
         <run_address>0x708</run_address>
         <size>0x74</size>
         <input_file_ref idref="fl-33"/>
      </object_component>
      <object_component id="oc-99">
         <name>.debug_abbrev</name>
         <load_address>0x77c</load_address>
         <run_address>0x77c</run_address>
         <size>0x24</size>
         <input_file_ref idref="fl-33"/>
      </object_component>
      <object_component id="oc-106">
         <name>.debug_abbrev</name>
         <load_address>0x7a0</load_address>
         <run_address>0x7a0</run_address>
         <size>0x24</size>
         <input_file_ref idref="fl-33"/>
      </object_component>
      <object_component id="oc-111">
         <name>.debug_abbrev</name>
         <load_address>0x7c4</load_address>
         <run_address>0x7c4</run_address>
         <size>0x37</size>
         <input_file_ref idref="fl-34"/>
      </object_component>
      <object_component id="oc-110">
         <name>.debug_abbrev</name>
         <load_address>0x7fb</load_address>
         <run_address>0x7fb</run_address>
         <size>0x6d</size>
         <input_file_ref idref="fl-34"/>
      </object_component>
      <object_component id="oc-a3">
         <name>.debug_abbrev</name>
         <load_address>0x868</load_address>
         <run_address>0x868</run_address>
         <size>0x66</size>
         <input_file_ref idref="fl-34"/>
      </object_component>
      <object_component id="oc-a7">
         <name>.debug_abbrev</name>
         <load_address>0x8ce</load_address>
         <run_address>0x8ce</run_address>
         <size>0x24</size>
         <input_file_ref idref="fl-34"/>
      </object_component>
      <object_component id="oc-101">
         <name>.debug_abbrev</name>
         <load_address>0x8f2</load_address>
         <run_address>0x8f2</run_address>
         <size>0x24</size>
         <input_file_ref idref="fl-35"/>
      </object_component>
      <object_component id="oc-238">
         <name>.debug_abbrev</name>
         <load_address>0x916</load_address>
         <run_address>0x916</run_address>
         <size>0x4e</size>
         <input_file_ref idref="fl-36"/>
      </object_component>
      <object_component id="oc-20e">
         <name>.debug_abbrev</name>
         <load_address>0x964</load_address>
         <run_address>0x964</run_address>
         <size>0x7f</size>
         <input_file_ref idref="fl-36"/>
      </object_component>
      <object_component id="oc-17a">
         <name>.debug_abbrev</name>
         <load_address>0x9e3</load_address>
         <run_address>0x9e3</run_address>
         <size>0x4a</size>
         <input_file_ref idref="fl-37"/>
      </object_component>
      <object_component id="oc-1d5">
         <name>.debug_abbrev</name>
         <load_address>0xa2d</load_address>
         <run_address>0xa2d</run_address>
         <size>0x3c</size>
         <input_file_ref idref="fl-38"/>
      </object_component>
      <object_component id="oc-235">
         <name>.debug_abbrev</name>
         <load_address>0xa69</load_address>
         <run_address>0xa69</run_address>
         <size>0x76</size>
         <input_file_ref idref="fl-39"/>
      </object_component>
      <object_component id="oc-207">
         <name>.debug_abbrev</name>
         <load_address>0xadf</load_address>
         <run_address>0xadf</run_address>
         <size>0x7f</size>
         <input_file_ref idref="fl-39"/>
      </object_component>
      <object_component id="oc-1f9">
         <name>.debug_abbrev</name>
         <load_address>0xb5e</load_address>
         <run_address>0xb5e</run_address>
         <size>0x70</size>
         <input_file_ref idref="fl-39"/>
      </object_component>
      <object_component id="oc-172">
         <name>.debug_abbrev</name>
         <load_address>0xbce</load_address>
         <run_address>0xbce</run_address>
         <size>0x3a</size>
         <input_file_ref idref="fl-3a"/>
      </object_component>
      <object_component id="oc-16f">
         <name>.debug_abbrev</name>
         <load_address>0xc08</load_address>
         <run_address>0xc08</run_address>
         <size>0x45</size>
         <input_file_ref idref="fl-3b"/>
      </object_component>
      <object_component id="oc-1e4">
         <name>.debug_abbrev</name>
         <load_address>0xc4d</load_address>
         <run_address>0xc4d</run_address>
         <size>0x68</size>
         <input_file_ref idref="fl-3c"/>
      </object_component>
      <object_component id="oc-23b">
         <name>.debug_abbrev</name>
         <load_address>0xcb5</load_address>
         <run_address>0xcb5</run_address>
         <size>0x4e</size>
         <input_file_ref idref="fl-3d"/>
      </object_component>
      <object_component id="oc-21b">
         <name>.debug_abbrev</name>
         <load_address>0xd03</load_address>
         <run_address>0xd03</run_address>
         <size>0x7f</size>
         <input_file_ref idref="fl-3d"/>
      </object_component>
      <object_component id="oc-242">
         <name>.debug_abbrev</name>
         <load_address>0xd82</load_address>
         <run_address>0xd82</run_address>
         <size>0x57</size>
         <input_file_ref idref="fl-3e"/>
      </object_component>
      <object_component id="oc-233">
         <name>.debug_abbrev</name>
         <load_address>0xdd9</load_address>
         <run_address>0xdd9</run_address>
         <size>0x8d</size>
         <input_file_ref idref="fl-3e"/>
      </object_component>
      <object_component id="oc-211">
         <name>.debug_abbrev</name>
         <load_address>0xe66</load_address>
         <run_address>0xe66</run_address>
         <size>0x3c</size>
         <input_file_ref idref="fl-3f"/>
      </object_component>
      <object_component id="oc-213">
         <name>.debug_abbrev</name>
         <load_address>0xea2</load_address>
         <run_address>0xea2</run_address>
         <size>0x3c</size>
         <input_file_ref idref="fl-40"/>
      </object_component>
      <object_component id="oc-210">
         <name>.debug_abbrev</name>
         <load_address>0xede</load_address>
         <run_address>0xede</run_address>
         <size>0x3c</size>
         <input_file_ref idref="fl-41"/>
      </object_component>
      <object_component id="oc-1ce">
         <name>.debug_abbrev</name>
         <load_address>0xf1a</load_address>
         <run_address>0xf1a</run_address>
         <size>0x3c</size>
         <input_file_ref idref="fl-42"/>
      </object_component>
      <object_component id="oc-1a2">
         <name>.debug_abbrev</name>
         <load_address>0xf56</load_address>
         <run_address>0xf56</run_address>
         <size>0x3c</size>
         <input_file_ref idref="fl-43"/>
      </object_component>
      <object_component id="oc-113">
         <name>.debug_abbrev</name>
         <load_address>0xf92</load_address>
         <run_address>0xf92</run_address>
         <size>0x28</size>
         <input_file_ref idref="fl-4f"/>
      </object_component>
      <object_component id="oc-22a">
         <name>.debug_abbrev</name>
         <load_address>0xfba</load_address>
         <run_address>0xfba</run_address>
         <size>0x3c</size>
         <input_file_ref idref="fl-50"/>
      </object_component>
      <object_component id="oc-237">
         <name>.debug_abbrev</name>
         <load_address>0xff6</load_address>
         <run_address>0xff6</run_address>
         <size>0x3c</size>
         <input_file_ref idref="fl-51"/>
      </object_component>
      <object_component id="oc-22d">
         <name>.debug_abbrev</name>
         <load_address>0x1032</load_address>
         <run_address>0x1032</run_address>
         <size>0x3c</size>
         <input_file_ref idref="fl-52"/>
      </object_component>
      <object_component id="oc-23a">
[...]
         <value>0xd916</value>
         <object_component_ref idref="oc-ea"/>
      </symbol>
      <symbol id="sm-24b">
         <name>__mspabi_fltud</name>
         <value>0xd900</value>
         <object_component_ref idref="oc-1a5"/>
      </symbol>
      <symbol id="sm-260">
         <name>__mspabi_fltuld</name>
         <value>0xd2da</value>
         <object_component_ref idref="oc-1de"/>
      </symbol>
      <symbol id="sm-27b">
         <name>__TI_frcdivd</name>
         <value>0xc000</value>
         <object_component_ref idref="oc-201"/>
      </symbol>
      <symbol id="sm-2a0">
         <name>__mspabi_subf</name>
         <value>0xd084</value>
         <object_component_ref idref="oc-1c2"/>
      </symbol>
      <symbol id="sm-2a1">
         <name>__mspabi_addf</name>
         <value>0xd08a</value>
         <object_component_ref idref="oc-1c2"/>
      </symbol>
      <symbol id="sm-2b6">
         <name>__mspabi_cmpf</name>
         <value>0xd5f0</value>
         <object_component_ref idref="oc-1cf"/>
      </symbol>
      <symbol id="sm-2d6">
         <name>__mspabi_divf</name>
         <value>0xd1b4</value>
         <object_component_ref idref="oc-1bd"/>
      </symbol>
      <symbol id="sm-2e9">
         <name>__mspabi_fltif</name>
         <value>0xd73a</value>
         <object_component_ref idref="oc-163"/>
      </symbol>
      <symbol id="sm-301">
         <name>__mspabi_fixfi</name>
         <value>0xd3cc</value>
         <object_component_ref idref="oc-14c"/>
      </symbol>
      <symbol id="sm-304">
         <name>__TI_int00</name>
         <value>0xffe0</value>
         <object_component_ref idref="oc-3d"/>
      </symbol>
      <symbol id="sm-307">
         <name>__TI_int03</name>
         <value>0xffe6</value>
         <object_component_ref idref="oc-3f"/>
      </symbol>
      <symbol id="sm-30a">
         <name>__TI_int05</name>
         <value>0xffea</value>
         <object_component_ref idref="oc-40"/>
      </symbol>
      <symbol id="sm-30d">
         <name>__TI_int06</name>
         <value>0xffec</value>
         <object_component_ref idref="oc-41"/>
      </symbol>
      <symbol id="sm-310">
         <name>__TI_int07</name>
         <value>0xffee</value>
         <object_component_ref idref="oc-42"/>
      </symbol>
      <symbol id="sm-313">
         <name>__TI_int08</name>
         <value>0xfff0</value>
         <object_component_ref idref="oc-43"/>
      </symbol>
      <symbol id="sm-316">
         <name>__TI_int10</name>
         <value>0xfff4</value>
         <object_component_ref idref="oc-45"/>
      </symbol>
      <symbol id="sm-319">
         <name>__TI_int11</name>
         <value>0xfff6</value>
         <object_component_ref idref="oc-46"/>
      </symbol>
      <symbol id="sm-31c">
         <name>__TI_int12</name>
         <value>0xfff8</value>
         <object_component_ref idref="oc-47"/>
      </symbol>
      <symbol id="sm-31f">
         <name>__TI_int13</name>
         <value>0xfffa</value>
         <object_component_ref idref="oc-48"/>
      </symbol>
      <symbol id="sm-322">
         <name>__TI_int14</name>
         <value>0xfffc</value>
         <object_component_ref idref="oc-49"/>
      </symbol>
      <symbol id="sm-32a">
         <name>__TI_ISR_TRAP</name>
         <value>0xd906</value>
         <object_component_ref idref="oc-aa"/>
      </symbol>
      <symbol id="sm-332">
         <name>__mspabi_slli</name>
         <value>0xd7c8</value>
         <object_component_ref idref="oc-1f0"/>
      </symbol>
      <symbol id="sm-333">
         <name>__mspabi_slli_9</name>
         <value>0xd7e0</value>
         <object_component_ref idref="oc-1f0"/>
      </symbol>
      <symbol id="sm-334">
         <name>__mspabi_slli_8</name>
         <value>0xd7e2</value>
         <object_component_ref idref="oc-1f0"/>
      </symbol>
      <symbol id="sm-335">
         <name>__mspabi_slli_7</name>
         <value>0xd7e4</value>
         <object_component_ref idref="oc-1f0"/>
      </symbol>
      <symbol id="sm-336">
         <name>__mspabi_slli_6</name>
         <value>0xd7e6</value>
         <object_component_ref idref="oc-1f0"/>
      </symbol>
      <symbol id="sm-337">
         <name>__mspabi_slli_5</name>
         <value>0xd7e8</value>
         <object_component_ref idref="oc-1f0"/>
      </symbol>
      <symbol id="sm-338">
         <name>__mspabi_slli_4</name>
         <value>0xd7ea</value>
         <object_component_ref idref="oc-1f0"/>
      </symbol>
      <symbol id="sm-339">
         <name>__mspabi_slli_3</name>
         <value>0xd7ec</value>
         <object_component_ref idref="oc-1f0"/>
      </symbol>
      <symbol id="sm-33a">
         <name>__mspabi_slli_2</name>
         <value>0xd7ee</value>
         <object_component_ref idref="oc-1f0"/>
      </symbol>
      <symbol id="sm-33b">
         <name>__mspabi_slli_1</name>
         <value>0xd7f0</value>
         <object_component_ref idref="oc-1f0"/>
      </symbol>
      <symbol id="sm-33c">
         <name>__mspabi_slli_15</name>
         <value>0xd7d4</value>
         <object_component_ref idref="oc-1f0"/>
      </symbol>
      <symbol id="sm-33d">
         <name>__mspabi_slli_14</name>
         <value>0xd7d6</value>
         <object_component_ref idref="oc-1f0"/>
      </symbol>
      <symbol id="sm-33e">
         <name>__mspabi_slli_13</name>
         <value>0xd7d8</value>
         <object_component_ref idref="oc-1f0"/>
      </symbol>
      <symbol id="sm-33f">
         <name>__mspabi_slli_12</name>
         <value>0xd7da</value>
         <object_component_ref idref="oc-1f0"/>
      </symbol>
      <symbol id="sm-340">
         <name>__mspabi_slli_11</name>
         <value>0xd7dc</value>
         <object_component_ref idref="oc-1f0"/>
      </symbol>
      <symbol id="sm-341">
         <name>__mspabi_slli_10</name>
         <value>0xd7de</value>
         <object_component_ref idref="oc-1f0"/>
      </symbol>
      <symbol id="sm-349">
         <name>__mspabi_slll_9</name>
         <value>0xd714</value>
         <object_component_ref idref="oc-209"/>
      </symbol>
      <symbol id="sm-34a">
         <name>__mspabi_slll_8</name>
         <value>0xd718</value>
         <object_component_ref idref="oc-209"/>
      </symbol>
      <symbol id="sm-34b">
         <name>__mspabi_slll_7</name>
         <value>0xd71c</value>
         <object_component_ref idref="oc-209"/>
      </symbol>
      <symbol id="sm-34c">
         <name>__mspabi_slll_6</name>
         <value>0xd720</value>
         <object_component_ref idref="oc-209"/>
      </symbol>
      <symbol id="sm-34d">
         <name>__mspabi_slll_5</name>
         <value>0xd724</value>
         <object_component_ref idref="oc-209"/>
      </symbol>
      <symbol id="sm-34e">
         <name>__mspabi_slll_4</name>
         <value>0xd728</value>
         <object_component_ref idref="oc-209"/>
      </symbol>
      <symbol id="sm-34f">
         <name>__mspabi_slll_3</name>
         <value>0xd72c</value>
         <object_component_ref idref="oc-209"/>
      </symbol>
      <symbol id="sm-350">
         <name>__mspabi_slll_2</name>
         <value>0xd730</value>
         <object_component_ref idref="oc-209"/>
      </symbol>
      <symbol id="sm-351">
         <name>__mspabi_slll_1</name>
         <value>0xd734</value>
         <object_component_ref idref="oc-209"/>
      </symbol>
      <symbol id="sm-352">
         <name>__mspabi_slll_15</name>
         <value>0xd6fc</value>
         <object_component_ref idref="oc-209"/>
      </symbol>
      <symbol id="sm-353">
         <name>__mspabi_slll_14</name>
         <value>0xd700</value>
         <object_component_ref idref="oc-209"/>
      </symbol>
      <symbol id="sm-354">
         <name>__mspabi_slll_13</name>
         <value>0xd704</value>
         <object_component_ref idref="oc-209"/>
      </symbol>
      <symbol id="sm-355">
         <name>__mspabi_slll_12</name>
         <value>0xd708</value>
         <object_component_ref idref="oc-209"/>
      </symbol>
      <symbol id="sm-356">
         <name>__mspabi_slll_11</name>
         <value>0xd70c</value>
         <object_component_ref idref="oc-209"/>
      </symbol>
      <symbol id="sm-357">
         <name>__mspabi_slll_10</name>
         <value>0xd710</value>
         <object_component_ref idref="oc-209"/>
      </symbol>
      <symbol id="sm-35f">
         <name>__mspabi_srli_8</name>
         <value>0xd5ce</value>
         <object_component_ref idref="oc-1fc"/>
      </symbol>
      <symbol id="sm-360">
         <name>__mspabi_srli_9</name>
         <value>0xd5ca</value>
         <object_component_ref idref="oc-1fc"/>
      </symbol>
      <symbol id="sm-361">
         <name>__mspabi_srli_6</name>
         <value>0xd5d6</value>
         <object_component_ref idref="oc-1fc"/>
      </symbol>
      <symbol id="sm-362">
         <name>__mspabi_srli_7</name>
         <value>0xd5d2</value>
         <object_component_ref idref="oc-1fc"/>
      </symbol>
      <symbol id="sm-363">
         <name>__mspabi_srli_4</name>
         <value>0xd5de</value>
         <object_component_ref idref="oc-1fc"/>
      </symbol>
      <symbol id="sm-364">
         <name>__mspabi_srli_5</name>
         <value>0xd5da</value>
         <object_component_ref idref="oc-1fc"/>
      </symbol>
      <symbol id="sm-365">
         <name>__mspabi_srli_2</name>
         <value>0xd5e6</value>
         <object_component_ref idref="oc-1fc"/>
      </symbol>
      <symbol id="sm-366">
         <name>__mspabi_srli_3</name>
         <value>0xd5e2</value>
         <object_component_ref idref="oc-1fc"/>
      </symbol>
      <symbol id="sm-367">
         <name>__mspabi_srli_1</name>
         <value>0xd5ea</value>
         <object_component_ref idref="oc-1fc"/>
      </symbol>
      <symbol id="sm-368">
         <name>__mspabi_srli</name>
         <value>0xd5a4</value>
         <object_component_ref idref="oc-1fc"/>
      </symbol>
      <symbol id="sm-369">
         <name>__mspabi_srli_15</name>
         <value>0xd5b2</value>
         <object_component_ref idref="oc-1fc"/>
      </symbol>
      <symbol id="sm-36a">
         <name>__mspabi_srli_14</name>
         <value>0xd5b6</value>
         <object_component_ref idref="oc-1fc"/>
      </symbol>
      <symbol id="sm-36b">
         <name>__mspabi_srli_13</name>
         <value>0xd5ba</value>
         <object_component_ref idref="oc-1fc"/>
      </symbol>
      <symbol id="sm-36c">
         <name>__mspabi_srli_12</name>
         <value>0xd5be</value>
         <object_component_ref idref="oc-1fc"/>
      </symbol>
      <symbol id="sm-36d">
         <name>__mspabi_srli_11</name>
         <value>0xd5c2</value>
         <object_component_ref idref="oc-1fc"/>
      </symbol>
      <symbol id="sm-36e">
         <name>__mspabi_srli_10</name>
         <value>0xd5c6</value>
         <object_component_ref idref="oc-1fc"/>
      </symbol>
      <symbol id="sm-376">
         <name>__mspabi_srll_8</name>
         <value>0xd4c2</value>
         <object_component_ref idref="oc-216"/>
      </symbol>
      <symbol id="sm-377">
         <name>__mspabi_srll_9</name>
         <value>0xd4bc</value>
         <object_component_ref idref="oc-216"/>
      </symbol>
      <symbol id="sm-378">
         <name>__mspabi_srll_6</name>
         <value>0xd4ce</value>
         <object_component_ref idref="oc-216"/>
      </symbol>
      <symbol id="sm-379">
         <name>__mspabi_srll_7</name>
         <value>0xd4c8</value>
         <object_component_ref idref="oc-216"/>
      </symbol>
      <symbol id="sm-37a">
         <name>__mspabi_srll_4</name>
         <value>0xd4da</value>
         <object_component_ref idref="oc-216"/>
      </symbol>
      <symbol id="sm-37b">
         <name>__mspabi_srll_5</name>
         <value>0xd4d4</value>
         <object_component_ref idref="oc-216"/>
      </symbol>
      <symbol id="sm-37c">
         <name>__mspabi_srll_2</name>
         <value>0xd4e6</value>
         <object_component_ref idref="oc-216"/>
      </symbol>
      <symbol id="sm-37d">
         <name>__mspabi_srll_3</name>
         <value>0xd4e0</value>
         <object_component_ref idref="oc-216"/>
      </symbol>
      <symbol id="sm-37e">
         <name>__mspabi_srll_1</name>
         <value>0xd4ec</value>
         <object_component_ref idref="oc-216"/>
      </symbol>
      <symbol id="sm-37f">
         <name>__mspabi_srll_15</name>
         <value>0xd498</value>
         <object_component_ref idref="oc-216"/>
      </symbol>
      <symbol id="sm-380">
         <name>__mspabi_srll_14</name>
         <value>0xd49e</value>
         <object_component_ref idref="oc-216"/>
      </symbol>
      <symbol id="sm-381">
         <name>__mspabi_srll_13</name>
         <value>0xd4a4</value>
         <object_component_ref idref="oc-216"/>
      </symbol>
      <symbol id="sm-382">
         <name>__mspabi_srll_12</name>
         <value>0xd4aa</value>
         <object_component_ref idref="oc-216"/>
      </symbol>
      <symbol id="sm-383">
         <name>__mspabi_srll_11</name>
         <value>0xd4b0</value>
         <object_component_ref idref="oc-216"/>
      </symbol>
      <symbol id="sm-384">
         <name>__mspabi_srll_10</name>
         <value>0xd4b6</value>
         <object_component_ref idref="oc-216"/>
      </symbol>
      <symbol id="sm-392">
         <name>memcpy</name>
         <value>0xd8c6</value>
         <object_component_ref idref="oc-90"/>
      </symbol>
      <symbol id="sm-3b5">
         <name>__mspabi_mpyd</name>
         <value>0xca24</value>
         <object_component_ref idref="oc-1ab"/>
      </symbol>
      <symbol id="sm-3bf">
         <name>__mspabi_mpyi_sw</name>
         <value>0xd88e</value>
         <object_component_ref idref="oc-22e"/>
      </symbol>
      <symbol id="sm-3c0">
         <name>__mspabi_mpyi</name>
         <value>0xd88e</value>
         <object_component_ref idref="oc-22e"/>
      </symbol>
      <symbol id="sm-3ca">
         <name>__mspabi_mpyl_sw</name>
         <value>0xd7f4</value>
         <object_component_ref idref="oc-21e"/>
      </symbol>
      <symbol id="sm-3cb">
         <name>__mspabi_mpyl</name>
         <value>0xd7f4</value>
         <object_component_ref idref="oc-21e"/>
      </symbol>
      <symbol id="sm-3d4">
         <name>_system_pre_init</name>
         <value>0xd912</value>
         <object_component_ref idref="oc-c2"/>
      </symbol>
      <symbol id="sm-3df">
         <name>__mspabi_srai</name>
         <value>0xd770</value>
         <object_component_ref idref="oc-1e5"/>
      </symbol>
      <symbol id="sm-3e0">
         <name>__mspabi_srai_8</name>
         <value>0xd78a</value>
         <object_component_ref idref="oc-1e5"/>
      </symbol>
      <symbol id="sm-3e1">
         <name>__mspabi_srai_9</name>
         <value>0xd788</value>
         <object_component_ref idref="oc-1e5"/>
      </symbol>
      <symbol id="sm-3e2">
         <name>__mspabi_srai_6</name>
         <value>0xd78e</value>
         <object_component_ref idref="oc-1e5"/>
      </symbol>
      <symbol id="sm-3e3">
         <name>__mspabi_srai_7</name>
         <value>0xd78c</value>
         <object_component_ref idref="oc-1e5"/>
      </symbol>
      <symbol id="sm-3e4">
         <name>__mspabi_srai_4</name>
         <value>0xd792</value>
         <object_component_ref idref="oc-1e5"/>
      </symbol>
      <symbol id="sm-3e5">
         <name>__mspabi_srai_5</name>
         <value>0xd790</value>
         <object_component_ref idref="oc-1e5"/>
      </symbol>
      <symbol id="sm-3e6">
         <name>__mspabi_srai_2</name>
         <value>0xd796</value>
         <object_component_ref idref="oc-1e5"/>
      </symbol>
      <symbol id="sm-3e7">
         <name>__mspabi_srai_3</name>
         <value>0xd794</value>
         <object_component_ref idref="oc-1e5"/>
      </symbol>
      <symbol id="sm-3e8">
         <name>__mspabi_srai_1</name>
         <value>0xd798</value>
         <object_component_ref idref="oc-1e5"/>
      </symbol>
      <symbol id="sm-3e9">
         <name>__mspabi_srai_15</name>
         <value>0xd77c</value>
         <object_component_ref idref="oc-1e5"/>
      </symbol>
      <symbol id="sm-3ea">
         <name>__mspabi_srai_14</name>
         <value>0xd77e</value>
         <object_component_ref idref="oc-1e5"/>
      </symbol>
      <symbol id="sm-3eb">
         <name>__mspabi_srai_13</name>
         <value>0xd780</value>
         <object_component_ref idref="oc-1e5"/>
      </symbol>
      <symbol id="sm-3ec">
         <name>__mspabi_srai_12</name>
         <value>0xd782</value>
         <object_component_ref idref="oc-1e5"/>
      </symbol>
      <symbol id="sm-3ed">
         <name>__mspabi_srai_11</name>
         <value>0xd784</value>
         <object_component_ref idref="oc-1e5"/>
      </symbol>
      <symbol id="sm-3ee">
         <name>__mspabi_srai_10</name>
         <value>0xd786</value>
         <object_component_ref idref="oc-1e5"/>
      </symbol>
      <symbol id="sm-3f6">
         <name>__mspabi_sral_15</name>
         <value>0xd6be</value>
         <object_component_ref idref="oc-223"/>
      </symbol>
      <symbol id="sm-3f7">
         <name>__mspabi_sral_14</name>
         <value>0xd6c2</value>
         <object_component_ref idref="oc-223"/>
      </symbol>
      <symbol id="sm-3f8">
         <name>__mspabi_sral_13</name>
         <value>0xd6c6</value>
         <object_component_ref idref="oc-223"/>
      </symbol>
      <symbol id="sm-3f9">
         <name>__mspabi_sral_12</name>
         <value>0xd6ca</value>
         <object_component_ref idref="oc-223"/>
      </symbol>
      <symbol id="sm-3fa">
         <name>__mspabi_sral_11</name>
         <value>0xd6ce</value>
         <object_component_ref idref="oc-223"/>
      </symbol>
      <symbol id="sm-3fb">
         <name>__mspabi_sral_10</name>
         <value>0xd6d2</value>
         <object_component_ref idref="oc-223"/>
      </symbol>
      <symbol id="sm-3fc">
         <name>__mspabi_sral_8</name>
         <value>0xd6da</value>
         <object_component_ref idref="oc-223"/>
      </symbol>
      <symbol id="sm-3fd">
         <name>__mspabi_sral_9</name>
         <value>0xd6d6</value>
         <object_component_ref idref="oc-223"/>
      </symbol>
      <symbol id="sm-3fe">
         <name>__mspabi_sral_6</name>
         <value>0xd6e2</value>
         <object_component_ref idref="oc-223"/>
      </symbol>
      <symbol id="sm-3ff">
         <name>__mspabi_sral_7</name>
         <value>0xd6de</value>
         <object_component_ref idref="oc-223"/>
      </symbol>
      <symbol id="sm-400">
         <name>__mspabi_sral_4</name>
         <value>0xd6ea</value>
         <object_component_ref idref="oc-223"/>
      </symbol>
      <symbol id="sm-401">
         <name>__mspabi_sral_5</name>
         <value>0xd6e6</value>
         <object_component_ref idref="oc-223"/>
      </symbol>
      <symbol id="sm-402">
         <name>__mspabi_sral_2</name>
         <value>0xd6f2</value>
         <object_component_ref idref="oc-223"/>
      </symbol>
      <symbol id="sm-403">
         <name>__mspabi_sral_3</name>
         <value>0xd6ee</value>
         <object_component_ref idref="oc-223"/>
      </symbol>
      <symbol id="sm-404">
         <name>__mspabi_sral_1</name>
         <value>0xd6f6</value>
         <object_component_ref idref="oc-223"/>
      </symbol>
      <symbol id="sm-41b">
         <name>_auto_init</name>
         <value>0xd54c</value>
         <object_component_ref idref="oc-c8"/>
      </symbol>
      <symbol id="sm-42c">
         <name>__TI_frcmpyd</name>
         <value>0xc462</value>
         <object_component_ref idref="oc-1ea"/>
      </symbol>
      <symbol id="sm-42e">
         <name>__TI_INITARRAY_Base</name>
         <value>0x0</value>
      </symbol>
      <symbol id="sm-42f">
         <name>__TI_INITARRAY_Limit</name>
         <value>0x0</value>
      </symbol>
   </symbol_table>
   <title>Link successful</title>
</link_info>
