******************************************************************************
                  MSP430 Linker PC v4.4.3                      
******************************************************************************
>> Linked Mon Dec 14 14:19:33 2015

OUTPUT FILE NAME:   <MSP1v2.out>
ENTRY POINT SYMBOL: "_c_int00_noargs_noexit"  address: 0000d836


MEMORY CONFIGURATION

         name            origin    length      used     unused   attr    fill
----------------------  --------  ---------  --------  --------  ----  --------
  SFR                   00000000   00000010  00000000  00000010  RWIX
  PERIPHERALS_8BIT      00000010   000000f0  00000000  000000f0  RWIX
  PERIPHERALS_16BIT     00000100   00000100  00000000  00000100  RWIX
  RAM                   00000200   00000200  0000007c  00000184  RWIX
  INFOD                 00001000   00000040  00000000  00000040  RWIX
  INFOC                 00001040   00000040  00000000  00000040  RWIX
  INFOB                 00001080   00000040  00000000  00000040  RWIX
  INFOA                 000010c0   00000040  00000000  00000040  RWIX
  FLASH                 0000c000   00003fe0  0000193e  000026a2  RWIX
  INT00                 0000ffe0   00000002  00000002  00000000  RWIX
  INT01                 0000ffe2   00000002  00000000  00000002  RWIX
  INT02                 0000ffe4   00000002  00000002  00000000  RWIX
  INT03                 0000ffe6   00000002  00000002  00000000  RWIX
  INT04                 0000ffe8   00000002  00000000  00000002  RWIX
  INT05                 0000ffea   00000002  00000002  00000000  RWIX
  INT06                 0000ffec   00000002  00000002  00000000  RWIX
  INT07                 0000ffee   00000002  00000002  00000000  RWIX
  INT08                 0000fff0   00000002  00000002  00000000  RWIX
  INT09                 0000fff2   00000002  00000002  00000000  RWIX
  INT10                 0000fff4   00000002  00000002  00000000  RWIX
  INT11                 0000fff6   00000002  00000002  00000000  RWIX
  INT12                 0000fff8   00000002  00000002  00000000  RWIX
  INT13                 0000fffa   00000002  00000002  00000000  RWIX
  INT14                 0000fffc   00000002  00000002  00000000  RWIX
  RESET                 0000fffe   00000002  00000002  00000000  RWIX


SECTION ALLOCATION MAP

 output                                  attributes/
section   page    origin      length       input sections
--------  ----  ----------  ----------   ----------------
.data      0    00000200    0000002c     UNINITIALIZED
                  00000200    0000001c     main.obj (.data)
                  0000021c    00000010     main.obj (.data:step)

.stack     0    000003b0    00000050     UNINITIALIZED
                  000003b0    00000002     rts430_eabi.lib : boot.obj (.stack)
                  000003b2    0000004e     --HOLE--

.text      0    0000c000    0000191a     
                  0000c000    00000462     rts430_eabi.lib : frcdivd.obj (.text:__TI_frcdivd)
                  0000c462    000002f4                     : frcmpyd.obj (.text:__TI_frcmpyd)
                  0000c756    000002ce     main.obj (.text:ResistToTermo)
                  0000ca24    0000026e     rts430_eabi.lib : mpyd.obj (.text:__mspabi_mpyd)
                  0000cc92    00000238                     : divd.obj (.text:__mspabi_divd)
                  0000ceca    000001ba     main.obj (.text:main)
                  0000d084    00000130     rts430_eabi.lib : fs_add.obj (.text)
                  0000d1b4    0000009a                     : fs_div.obj (.text)
                  0000d24e    0000008c                     : cvtdf.obj (.text:__mspabi_cvtdf)
                  0000d2da    00000080                     : fltuld.obj (.text:__mspabi_fltuld)
                  0000d35a    00000072     main.obj (.text:calculate_temperature)
                  0000d3cc    00000068     rts430_eabi.lib : fs_toi.obj (.text)
                  0000d434    00000064                     : copy_decompress_rle.obj (.text:__TI_decompress_rle_core)
                  0000d498    0000005c                     : lsr32.obj (.text:l_lsr_const)
                  0000d4f4    00000058     main.obj (.text:Timer_A)
                  0000d54c    00000058     rts430_eabi.lib : autoinit.obj (.text:_auto_init)
                  0000d5a4    0000004c                     : lsr16.obj (.text)
                  0000d5f0    0000004a                     : fs_cmp.obj (.text)
                  0000d63a    00000044     main.obj (.text:enable_motor)
                  0000d67e    00000040     main.obj (.text:temperature_state)
                  0000d6be    0000003e     rts430_eabi.lib : asr32.obj (.text:l_asr_const)
                  0000d6fc    0000003e                     : lsl32.obj (.text:l_lsl_const)
                  0000d73a    00000036                     : fs_itof.obj (.text)
                  0000d770    0000002c                     : asr16.obj (.text)
                  0000d79c    0000002c                     : div16s.obj (.text)
                  0000d7c8    0000002c                     : lsl16.obj (.text)
                  0000d7f4    00000026                     : mult32.obj (.text)
                  0000d81a    0000001c     main.obj (.text:calculate_lightlevel)
                  0000d836    0000001a     rts430_eabi.lib : boot_special.obj (.text:_c_int00_noargs_noexit)
                  0000d850    00000016                     : div16u.obj (.text)
                  0000d866    00000014     main.obj (.text:Port_1)
                  0000d87a    00000014     main.obj (.text:calculate_feedlevel)
                  0000d88e    00000014     rts430_eabi.lib : mult16.obj (.text)
                  0000d8a2    00000012                     : copy_decompress_none.obj (.text:decompress:none:__TI_decompress_none)
                  0000d8b4    00000012     main.obj (.text:measure_adc)
                  0000d8c6    00000012     rts430_eabi.lib : memcpy.obj (.text:memcpy)
                  0000d8d8    00000010                     : epilog.obj (.text)
                  0000d8e8    0000000c     main.obj (.text:calculate_waterlevel)
                  0000d8f4    0000000c     main.obj (.text:send_systemdata)
                  0000d900    00000006     rts430_eabi.lib : fltud.obj (.text:__mspabi_fltud)
                  0000d906    00000006                     : isr_trap.obj (.text:_isr:__TI_ISR_TRAP)
                  0000d90c    00000006                     : copy_decompress_rle.obj (.text:decompress:rle24:__TI_decompress_rle24)
                  0000d912    00000004                     : pre_init.obj (.text:_system_pre_init)
                  0000d916    00000004                     : exit.obj (.text:abort)

.cinit     0    0000d91a    00000024     
                  0000d91a    0000001b     (.cinit..data.load) [load image, compression = rle]
                  0000d935    00000001     --HOLE-- [fill = 0]
                  0000d936    00000004     (__TI_handler_table)
                  0000d93a    00000004     (__TI_cinit_table)

.init_array 
*          0    0000c000    00000000     UNINITIALIZED

.TI.persistent 
*          0    00000200    00000000     UNINITIALIZED

TRAPINT    0    0000ffe0    00000002     
                  0000ffe0    00000002     rts430_eabi.lib : int00.obj (.int00)

PORT1      0    0000ffe4    00000002     
                  0000ffe4    00000002     main.obj (.int02)

PORT2      0    0000ffe6    00000002     
                  0000ffe6    00000002     rts430_eabi.lib : int03.obj (.int03)

ADC10      0    0000ffea    00000002     
                  0000ffea    00000002     rts430_eabi.lib : int05.obj (.int05)

USCIAB0TX 
*          0    0000ffec    00000002     
                  0000ffec    00000002     rts430_eabi.lib : int06.obj (.int06)

USCIAB0RX 
*          0    0000ffee    00000002     
                  0000ffee    00000002     rts430_eabi.lib : int07.obj (.int07)

TIMER0_A1 
*          0    0000fff0    00000002     
                  0000fff0    00000002     rts430_eabi.lib : int08.obj (.int08)

TIMER0_A0 
*          0    0000fff2    00000002     
                  0000fff2    00000002     main.obj (.int09)

WDT        0    0000fff4    00000002     
                  0000fff4    00000002     rts430_eabi.lib : int10.obj (.int10)

COMPARATORA 
*          0    0000fff6    00000002     
                  0000fff6    00000002     rts430_eabi.lib : int11.obj (.int11)

TIMER1_A1 
*          0    0000fff8    00000002     
                  0000fff8    00000002     rts430_eabi.lib : int12.obj (.int12)

TIMER1_A0 
*          0    0000fffa    00000002     
                  0000fffa    00000002     rts430_eabi.lib : int13.obj (.int13)

NMI        0    0000fffc    00000002     
                  0000fffc    00000002     rts430_eabi.lib : int14.obj (.int14)

.reset     0    0000fffe    00000002     
                  0000fffe    00000002     rts430_eabi.lib : boot.obj (.reset)


LINKER GENERATED COPY TABLES

__TI_cinit_table @ 0000d93a records: 1, size/record: 4, table size: 4
	.data: load addr=0000d91a, load size=0000001b bytes, run addr=00000200, run size=0000002c bytes, compression=rle


LINKER GENERATED HANDLER TABLE

__TI_handler_table @ 0000d936 records: 2, size/record: 2, table size: 4
	index: 0, handler: __TI_decompress_rle24
	index: 1, handler: __TI_decompress_none


GLOBAL SYMBOLS: SORTED ALPHABETICALLY BY Name 

address   name                    
-------   ----                    
0000004a  ADC10AE0                
000001b0  ADC10CTL0               
000001b2  ADC10CTL1               
00000048  ADC10DTC0               
00000049  ADC10DTC1               
000001b4  ADC10MEM                
000001bc  ADC10SA                 
00000057  BCSCTL1                 
00000058  BCSCTL2                 
00000053  BCSCTL3                 
0000d916  C$$EXIT                 
00000059  CACTL1                  
0000005a  CACTL2                  
000010fb  CALBC1_12MHZ            
000010f9  CALBC1_16MHZ            
000010ff  CALBC1_1MHZ             
000010fd  CALBC1_8MHZ             
000010fa  CALDCO_12MHZ            
000010f8  CALDCO_16MHZ            
000010fe  CALDCO_1MHZ             
000010fc  CALDCO_8MHZ             
0000005b  CAPD                    
00000056  DCOCTL                  
00000128  FCTL1                   
0000012a  FCTL2                   
0000012c  FCTL3                   
00000000  IE1                     
00000001  IE2                     
00000002  IFG1                    
00000003  IFG2                    
00000022  P1DIR                   
00000025  P1IE                    
00000024  P1IES                   
00000023  P1IFG                   
00000020  P1IN                    
00000021  P1OUT                   
00000027  P1REN                   
00000026  P1SEL                   
00000041  P1SEL2                  
0000002a  P2DIR                   
0000002d  P2IE                    
0000002c  P2IES                   
0000002b  P2IFG                   
00000028  P2IN                    
00000029  P2OUT                   
0000002f  P2REN                   
0000002e  P2SEL                   
00000042  P2SEL2                  
0000001a  P3DIR                   
00000018  P3IN                    
00000019  P3OUT                   
00000010  P3REN                   
0000001b  P3SEL                   
00000043  P3SEL2                  
0000d866  Port_1                  
0000c756  ResistToTermo           
00000172  TA0CCR0                 
00000174  TA0CCR1                 
00000176  TA0CCR2                 
00000162  TA0CCTL0                
00000164  TA0CCTL1                
00000166  TA0CCTL2                
00000160  TA0CTL                  
0000012e  TA0IV                   
00000170  TA0R                    
00000192  TA1CCR0                 
00000194  TA1CCR1                 
00000196  TA1CCR2                 
00000182  TA1CCTL0                
00000184  TA1CCTL1                
00000186  TA1CCTL2                
00000180  TA1CTL                  
0000011e  TA1IV                   
00000190  TA1R                    
000010db  TLV_ADC10_1_LEN         
000010da  TLV_ADC10_1_TAG         
000010c0  TLV_CHECKSUM            
000010f7  TLV_DCO_30_LEN          
000010f6  TLV_DCO_30_TAG          
0000d4f4  Timer_A                 
0000005d  UCA0ABCTL               
00000062  UCA0BR0                 
00000063  UCA0BR1                 
00000060  UCA0CTL0                
00000061  UCA0CTL1                
0000005f  UCA0IRRCTL              
0000005e  UCA0IRTCTL              
00000064  UCA0MCTL                
00000066  UCA0RXBUF               
00000065  UCA0STAT                
00000067  UCA0TXBUF               
0000006a  UCB0BR0                 
0000006b  UCB0BR1                 
00000068  UCB0CTL0                
00000069  UCB0CTL1                
0000006c  UCB0I2CIE               
00000118  UCB0I2COA               
0000011a  UCB0I2CSA               
0000006e  UCB0RXBUF               
0000006d  UCB0STAT                
0000006f  UCB0TXBUF               
00000120  WDTCTL                  
00000400  __STACK_END             
00000050  __STACK_SIZE            
0000d93a  __TI_CINIT_Base         
0000d93e  __TI_CINIT_Limit        
0000d936  __TI_Handler_Table_Base 
0000d93a  __TI_Handler_Table_Limit
UNDEFED   __TI_INITARRAY_Base     
UNDEFED   __TI_INITARRAY_Limit    
0000d906  __TI_ISR_TRAP           
0000d8a2  __TI_decompress_none    
0000d90c  __TI_decompress_rle24   
0000c000  __TI_frcdivd            
0000c462  __TI_frcmpyd            
0000ffe0  __TI_int00              
0000ffe4  __TI_int02              
0000ffe6  __TI_int03              
0000ffea  __TI_int05              
0000ffec  __TI_int06              
0000ffee  __TI_int07              
0000fff0  __TI_int08              
0000fff2  __TI_int09              
0000fff4  __TI_int10              
0000fff6  __TI_int11              
0000fff8  __TI_int12              
0000fffa  __TI_int13              
0000fffc  __TI_int14              
ffffffff  __binit__               
ffffffff  __c_args__              
0000d08a  __mspabi_addf           
0000d5f0  __mspabi_cmpf           
0000d24e  __mspabi_cvtdf          
0000cc92  __mspabi_divd           
0000d1b4  __mspabi_divf           
0000d79c  __mspabi_divi           
0000d850  __mspabi_divu           
0000d3cc  __mspabi_fixfi          
0000d73a  __mspabi_fltif          
0000d900  __mspabi_fltud          
0000d2da  __mspabi_fltuld         
0000d8e4  __mspabi_func_epilog_1  
0000d8e2  __mspabi_func_epilog_2  
0000d8e0  __mspabi_func_epilog_3  
0000d8de  __mspabi_func_epilog_4  
0000d8dc  __mspabi_func_epilog_5  
0000d8da  __mspabi_func_epilog_6  
0000d8d8  __mspabi_func_epilog_7  
0000ca24  __mspabi_mpyd           
0000d88e  __mspabi_mpyi           
0000d88e  __mspabi_mpyi_sw        
0000d7f4  __mspabi_mpyl           
0000d7f4  __mspabi_mpyl_sw        
0000d79c  __mspabi_remi           
0000d850  __mspabi_remu           
0000d7c8  __mspabi_slli           
0000d7f0  __mspabi_slli_1         
0000d7de  __mspabi_slli_10        
0000d7dc  __mspabi_slli_11        
0000d7da  __mspabi_slli_12        
0000d7d8  __mspabi_slli_13        
0000d7d6  __mspabi_slli_14        
0000d7d4  __mspabi_slli_15        
0000d7ee  __mspabi_slli_2         
0000d7ec  __mspabi_slli_3         
0000d7ea  __mspabi_slli_4         
0000d7e8  __mspabi_slli_5         
0000d7e6  __mspabi_slli_6         
0000d7e4  __mspabi_slli_7         
0000d7e2  __mspabi_slli_8         
0000d7e0  __mspabi_slli_9         
0000d734  __mspabi_slll_1         
0000d710  __mspabi_slll_10        
0000d70c  __mspabi_slll_11        
0000d708  __mspabi_slll_12        
0000d704  __mspabi_slll_13        
0000d700  __mspabi_slll_14        
0000d6fc  __mspabi_slll_15        
0000d730  __mspabi_slll_2         
0000d72c  __mspabi_slll_3         
0000d728  __mspabi_slll_4         
0000d724  __mspabi_slll_5         
0000d720  __mspabi_slll_6         
0000d71c  __mspabi_slll_7         
0000d718  __mspabi_slll_8         
0000d714  __mspabi_slll_9         
0000d770  __mspabi_srai           
0000d798  __mspabi_srai_1         
0000d786  __mspabi_srai_10        
0000d784  __mspabi_srai_11        
0000d782  __mspabi_srai_12        
0000d780  __mspabi_srai_13        
0000d77e  __mspabi_srai_14        
0000d77c  __mspabi_srai_15        
0000d796  __mspabi_srai_2         
0000d794  __mspabi_srai_3         
0000d792  __mspabi_srai_4         
0000d790  __mspabi_srai_5         
0000d78e  __mspabi_srai_6         
0000d78c  __mspabi_srai_7         
0000d78a  __mspabi_srai_8         
0000d788  __mspabi_srai_9         
0000d6f6  __mspabi_sral_1         
0000d6d2  __mspabi_sral_10        
0000d6ce  __mspabi_sral_11        
0000d6ca  __mspabi_sral_12        
0000d6c6  __mspabi_sral_13        
0000d6c2  __mspabi_sral_14        
0000d6be  __mspabi_sral_15        
0000d6f2  __mspabi_sral_2         
0000d6ee  __mspabi_sral_3         
0000d6ea  __mspabi_sral_4         
0000d6e6  __mspabi_sral_5         
0000d6e2  __mspabi_sral_6         
0000d6de  __mspabi_sral_7         
0000d6da  __mspabi_sral_8         
0000d6d6  __mspabi_sral_9         
0000d5a4  __mspabi_srli           
0000d5ea  __mspabi_srli_1         
0000d5c6  __mspabi_srli_10        
0000d5c2  __mspabi_srli_11        
0000d5be  __mspabi_srli_12        
0000d5ba  __mspabi_srli_13        
0000d5b6  __mspabi_srli_14        
0000d5b2  __mspabi_srli_15        
0000d5e6  __mspabi_srli_2         
0000d5e2  __mspabi_srli_3         
0000d5de  __mspabi_srli_4         
0000d5da  __mspabi_srli_5         
0000d5d6  __mspabi_srli_6         
0000d5d2  __mspabi_srli_7         
0000d5ce  __mspabi_srli_8         
0000d5ca  __mspabi_srli_9         
0000d4ec  __mspabi_srll_1         
0000d4b6  __mspabi_srll_10        
0000d4b0  __mspabi_srll_11        
0000d4aa  __mspabi_srll_12        
0000d4a4  __mspabi_srll_13        
0000d49e  __mspabi_srll_14        
0000d498  __mspabi_srll_15        
0000d4e6  __mspabi_srll_2         
0000d4e0  __mspabi_srll_3         
0000d4da  __mspabi_srll_4         
0000d4d4  __mspabi_srll_5         
0000d4ce  __mspabi_srll_6         
0000d4c8  __mspabi_srll_7         
0000d4c2  __mspabi_srll_8         
0000d4bc  __mspabi_srll_9         
0000d084  __mspabi_subf           
0000d54c  _auto_init              
0000d836  _c_int00_noargs_noexit  
0000fffe  _reset_vector           
000003b0  _stack                  
0000d912  _system_pre_init        
0000d916  abort                   
0000020e  adc_value               
ffffffff  binit                   
0000d87a  calculate_feedlevel     
0000d81a  calculate_lightlevel    
0000d35a  calculate_temperature   
0000d8e8  calculate_waterlevel    
0000021a  clean                   
00000204  clean_tank              
0000020a  cleaning_counter        
00000206  counter                 
00000212  crt_step                
0000d63a  enable_motor            
00000218  feed                    
00000202  feed_fishes             
00000214  i                       
0000ceca  main                    
0000d8b4  measure_adc             
0000d8c6  memcpy                  
0000020c  model_output            
00000208  motor_counter           
00000216  power                   
00000200  send_data               
0000d8f4  send_systemdata         
0000021c  step                    
00000210  temp_state              
0000d67e  temperature_state       


GLOBAL SYMBOLS: SORTED BY Symbol Address 

address   name                    
-------   ----                    
00000000  IE1                     
00000001  IE2                     
00000002  IFG1                    
00000003  IFG2                    
00000010  P3REN                   
00000018  P3IN                    
00000019  P3OUT                   
0000001a  P3DIR                   
0000001b  P3SEL                   
00000020  P1IN                    
00000021  P1OUT                   
00000022  P1DIR                   
00000023  P1IFG                   
00000024  P1IES                   
00000025  P1IE                    
00000026  P1SEL                   
00000027  P1REN                   
00000028  P2IN                    
00000029  P2OUT                   
0000002a  P2DIR                   
0000002b  P2IFG                   
0000002c  P2IES                   
0000002d  P2IE                    
0000002e  P2SEL                   
0000002f  P2REN                   
00000041  P1SEL2                  
00000042  P2SEL2                  
00000043  P3SEL2                  
00000048  ADC10DTC0               
00000049  ADC10DTC1               
0000004a  ADC10AE0                
00000050  __STACK_SIZE            
00000053  BCSCTL3                 
00000056  DCOCTL                  
00000057  BCSCTL1                 
00000058  BCSCTL2                 
00000059  CACTL1                  
0000005a  CACTL2                  
0000005b  CAPD                    
0000005d  UCA0ABCTL               
0000005e  UCA0IRTCTL              
0000005f  UCA0IRRCTL              
00000060  UCA0CTL0                
00000061  UCA0CTL1                
00000062  UCA0BR0                 
00000063  UCA0BR1                 
00000064  UCA0MCTL                
00000065  UCA0STAT                
00000066  UCA0RXBUF               
00000067  UCA0TXBUF               
00000068  UCB0CTL0                
00000069  UCB0CTL1                
0000006a  UCB0BR0                 
0000006b  UCB0BR1                 
0000006c  UCB0I2CIE               
0000006d  UCB0STAT                
0000006e  UCB0RXBUF               
0000006f  UCB0TXBUF               
00000118  UCB0I2COA               
0000011a  UCB0I2CSA               
0000011e  TA1IV                   
00000120  WDTCTL                  
00000128  FCTL1                   
0000012a  FCTL2                   
0000012c  FCTL3                   
0000012e  TA0IV                   
00000160  TA0CTL                  
00000162  TA0CCTL0                
00000164  TA0CCTL1                
00000166  TA0CCTL2                
00000170  TA0R                    
00000172  TA0CCR0                 
00000174  TA0CCR1                 
00000176  TA0CCR2                 
00000180  TA1CTL                  
00000182  TA1CCTL0                
00000184  TA1CCTL1                
00000186  TA1CCTL2                
00000190  TA1R                    
00000192  TA1CCR0                 
00000194  TA1CCR1                 
00000196  TA1CCR2                 
000001b0  ADC10CTL0               
000001b2  ADC10CTL1               
000001b4  ADC10MEM                
000001bc  ADC10SA                 
00000200  send_data               
00000202  feed_fishes             
00000204  clean_tank              
00000206  counter                 
00000208  motor_counter           
0000020a  cleaning_counter        
0000020c  model_output            
0000020e  adc_value               
00000210  temp_state              
00000212  crt_step                
00000214  i                       
00000216  power                   
00000218  feed                    
0000021a  clean                   
0000021c  step                    
000003b0  _stack                  
00000400  __STACK_END             
000010c0  TLV_CHECKSUM            
000010da  TLV_ADC10_1_TAG         
000010db  TLV_ADC10_1_LEN         
000010f6  TLV_DCO_30_TAG          
000010f7  TLV_DCO_30_LEN          
000010f8  CALDCO_16MHZ            
000010f9  CALBC1_16MHZ            
000010fa  CALDCO_12MHZ            
000010fb  CALBC1_12MHZ            
000010fc  CALDCO_8MHZ             
000010fd  CALBC1_8MHZ             
000010fe  CALDCO_1MHZ             
000010ff  CALBC1_1MHZ             
0000c000  __TI_frcdivd            
0000c462  __TI_frcmpyd            
0000c756  ResistToTermo           
0000ca24  __mspabi_mpyd           
0000cc92  __mspabi_divd           
0000ceca  main                    
0000d084  __mspabi_subf           
0000d08a  __mspabi_addf           
0000d1b4  __mspabi_divf           
0000d24e  __mspabi_cvtdf          
0000d2da  __mspabi_fltuld         
0000d35a  calculate_temperature   
0000d3cc  __mspabi_fixfi          
0000d498  __mspabi_srll_15        
0000d49e  __mspabi_srll_14        
0000d4a4  __mspabi_srll_13        
0000d4aa  __mspabi_srll_12        
0000d4b0  __mspabi_srll_11        
0000d4b6  __mspabi_srll_10        
0000d4bc  __mspabi_srll_9         
0000d4c2  __mspabi_srll_8         
0000d4c8  __mspabi_srll_7         
0000d4ce  __mspabi_srll_6         
0000d4d4  __mspabi_srll_5         
0000d4da  __mspabi_srll_4         
0000d4e0  __mspabi_srll_3         
0000d4e6  __mspabi_srll_2         
0000d4ec  __mspabi_srll_1         
0000d4f4  Timer_A                 
0000d54c  _auto_init              
0000d5a4  __mspabi_srli           
0000d5b2  __mspabi_srli_15        
0000d5b6  __mspabi_srli_14        
0000d5ba  __mspabi_srli_13        
0000d5be  __mspabi_srli_12        
0000d5c2  __mspabi_srli_11        
0000d5c6  __mspabi_srli_10        
0000d5ca  __mspabi_srli_9         
0000d5ce  __mspabi_srli_8         
0000d5d2  __mspabi_srli_7         
0000d5d6  __mspabi_srli_6         
0000d5da  __mspabi_srli_5         
0000d5de  __mspabi_srli_4         
0000d5e2  __mspabi_srli_3         
0000d5e6  __mspabi_srli_2         
0000d5ea  __mspabi_srli_1         
0000d5f0  __mspabi_cmpf           
0000d63a  enable_motor            
0000d67e  temperature_state       
0000d6be  __mspabi_sral_15        
0000d6c2  __mspabi_sral_14        
0000d6c6  __mspabi_sral_13        
0000d6ca  __mspabi_sral_12        
0000d6ce  __mspabi_sral_11        
0000d6d2  __mspabi_sral_10        
0000d6d6  __mspabi_sral_9         
0000d6da  __mspabi_sral_8         
0000d6de  __mspabi_sral_7         
0000d6e2  __mspabi_sral_6         
0000d6e6  __mspabi_sral_5         
0000d6ea  __mspabi_sral_4         
0000d6ee  __mspabi_sral_3         
0000d6f2  __mspabi_sral_2         
0000d6f6  __mspabi_sral_1         
0000d6fc  __mspabi_slll_15        
0000d700  __mspabi_slll_14        
0000d704  __mspabi_slll_13        
0000d708  __mspabi_slll_12        
0000d70c  __mspabi_slll_11        
0000d710  __mspabi_slll_10        
0000d714  __mspabi_slll_9         
0000d718  __mspabi_slll_8         
0000d71c  __mspabi_slll_7         
0000d720  __mspabi_slll_6         
0000d724  __mspabi_slll_5         
0000d728  __mspabi_slll_4         
0000d72c  __mspabi_slll_3         
0000d730  __mspabi_slll_2         
0000d734  __mspabi_slll_1         
0000d73a  __mspabi_fltif          
0000d770  __mspabi_srai           
0000d77c  __mspabi_srai_15        
0000d77e  __mspabi_srai_14        
0000d780  __mspabi_srai_13        
0000d782  __mspabi_srai_12        
0000d784  __mspabi_srai_11        
0000d786  __mspabi_srai_10        
0000d788  __mspabi_srai_9         
0000d78a  __mspabi_srai_8         
0000d78c  __mspabi_srai_7         
0000d78e  __mspabi_srai_6         
0000d790  __mspabi_srai_5         
0000d792  __mspabi_srai_4         
0000d794  __mspabi_srai_3         
0000d796  __mspabi_srai_2         
0000d798  __mspabi_srai_1         
0000d79c  __mspabi_divi           
0000d79c  __mspabi_remi           
0000d7c8  __mspabi_slli           
0000d7d4  __mspabi_slli_15        
0000d7d6  __mspabi_slli_14        
0000d7d8  __mspabi_slli_13        
0000d7da  __mspabi_slli_12        
0000d7dc  __mspabi_slli_11        
0000d7de  __mspabi_slli_10        
0000d7e0  __mspabi_slli_9         
0000d7e2  __mspabi_slli_8         
0000d7e4  __mspabi_slli_7         
0000d7e6  __mspabi_slli_6         
0000d7e8  __mspabi_slli_5         
0000d7ea  __mspabi_slli_4         
0000d7ec  __mspabi_slli_3         
0000d7ee  __mspabi_slli_2         
0000d7f0  __mspabi_slli_1         
0000d7f4  __mspabi_mpyl           
0000d7f4  __mspabi_mpyl_sw        
0000d81a  calculate_lightlevel    
0000d836  _c_int00_noargs_noexit  
0000d850  __mspabi_divu           
0000d850  __mspabi_remu           
0000d866  Port_1                  
0000d87a  calculate_feedlevel     
0000d88e  __mspabi_mpyi           
0000d88e  __mspabi_mpyi_sw        
0000d8a2  __TI_decompress_none    
0000d8b4  measure_adc             
0000d8c6  memcpy                  
0000d8d8  __mspabi_func_epilog_7  
0000d8da  __mspabi_func_epilog_6  
0000d8dc  __mspabi_func_epilog_5  
0000d8de  __mspabi_func_epilog_4  
0000d8e0  __mspabi_func_epilog_3  
0000d8e2  __mspabi_func_epilog_2  
0000d8e4  __mspabi_func_epilog_1  
0000d8e8  calculate_waterlevel    
0000d8f4  send_systemdata         
0000d900  __mspabi_fltud          
0000d906  __TI_ISR_TRAP           
0000d90c  __TI_decompress_rle24   
0000d912  _system_pre_init        
0000d916  C$$EXIT                 
0000d916  abort                   
0000d936  __TI_Handler_Table_Base 
0000d93a  __TI_CINIT_Base         
0000d93a  __TI_Handler_Table_Limit
0000d93e  __TI_CINIT_Limit        
0000ffe0  __TI_int00              
0000ffe4  __TI_int02              
0000ffe6  __TI_int03              
0000ffea  __TI_int05              
0000ffec  __TI_int06              
0000ffee  __TI_int07              
0000fff0  __TI_int08              
0000fff2  __TI_int09              
0000fff4  __TI_int10              
0000fff6  __TI_int11              
0000fff8  __TI_int12              
0000fffa  __TI_int13              
0000fffc  __TI_int14              
0000fffe  _reset_vector           
ffffffff  __binit__               
ffffffff  __c_args__              
ffffffff  binit                   
UNDEFED   __TI_INITARRAY_Base     
UNDEFED   __TI_INITARRAY_Limit    

[281 symbols]
